Archive member included to satisfy reference by file (symbol)

c:/program files (x86)/atmel studio/7.0/toolchain/avr8/avr8-gnu-toolchain/bin/../lib/gcc/avr/5.4.0/avrxmega3\libgcc.a(_mulsi3.o)
                              GPS_L70_Light.o (__mulsi3)
c:/program files (x86)/atmel studio/7.0/toolchain/avr8/avr8-gnu-toolchain/bin/../lib/gcc/avr/5.4.0/avrxmega3\libgcc.a(_divmodhi4.o)
                              Time.o (__divmodhi4)
c:/program files (x86)/atmel studio/7.0/toolchain/avr8/avr8-gnu-toolchain/bin/../lib/gcc/avr/5.4.0/avrxmega3\libgcc.a(_udivmodsi4.o)
                              Time.o (__udivmodsi4)
c:/program files (x86)/atmel studio/7.0/toolchain/avr8/avr8-gnu-toolchain/bin/../lib/gcc/avr/5.4.0/avrxmega3\libgcc.a(_divmodsi4.o)
                              GPS_L70_Light.o (__divmodsi4)
c:/program files (x86)/atmel studio/7.0/toolchain/avr8/avr8-gnu-toolchain/bin/../lib/gcc/avr/5.4.0/avrxmega3\libgcc.a(_negsi2.o)
                              c:/program files (x86)/atmel studio/7.0/toolchain/avr8/avr8-gnu-toolchain/bin/../lib/gcc/avr/5.4.0/avrxmega3\libgcc.a(_divmodsi4.o) (__negsi2)
c:/program files (x86)/atmel studio/7.0/toolchain/avr8/avr8-gnu-toolchain/bin/../lib/gcc/avr/5.4.0/avrxmega3\libgcc.a(_exit.o)
                              C:/Program Files (x86)/Atmel Studio/7.0/Packs/Atmel/ATtiny_DFP/1.4.310/gcc/dev/attiny1626/avrxmega3/crtattiny1626.o (exit)
c:/program files (x86)/atmel studio/7.0/toolchain/avr8/avr8-gnu-toolchain/bin/../lib/gcc/avr/5.4.0/avrxmega3\libgcc.a(_copy_data.o)
                              GPS_L70_Light.o (__do_copy_data)
c:/program files (x86)/atmel studio/7.0/toolchain/avr8/avr8-gnu-toolchain/bin/../lib/gcc/avr/5.4.0/avrxmega3\libgcc.a(_clear_bss.o)
                              TickTag.o (__do_clear_bss)
c:/program files (x86)/atmel studio/7.0/toolchain/avr8/avr8-gnu-toolchain/bin/../lib/gcc/avr/5.4.0/avrxmega3\libgcc.a(_umulhisi3.o)
                              TickTag.o (__umulhisi3)
c:/program files (x86)/atmel studio/7.0/toolchain/avr8/avr8-gnu-toolchain/bin/../lib/gcc/avr/5.4.0/avrxmega3\libgcc.a(_muluhisi3.o)
                              c:/program files (x86)/atmel studio/7.0/toolchain/avr8/avr8-gnu-toolchain/bin/../lib/gcc/avr/5.4.0/avrxmega3\libgcc.a(_mulsi3.o) (__muluhisi3)
c:/program files (x86)/atmel studio/7.0/toolchain/avr8/avr8-gnu-toolchain/bin/../lib/gcc/avr/5.4.0/avrxmega3\libgcc.a(_udivmodhi4.o)
                              c:/program files (x86)/atmel studio/7.0/toolchain/avr8/avr8-gnu-toolchain/bin/../lib/gcc/avr/5.4.0/avrxmega3\libgcc.a(_divmodhi4.o) (__udivmodhi4)
c:/program files (x86)/atmel studio/7.0/toolchain/avr8/avr8-gnu-toolchain/bin/../lib/gcc/avr/5.4.0/../../../../avr/lib/avrxmega3\libc.a(atoi.o)
                              GPS_L70_Light.o (atoi)
c:/program files (x86)/atmel studio/7.0/toolchain/avr8/avr8-gnu-toolchain/bin/../lib/gcc/avr/5.4.0/../../../../avr/lib/avrxmega3\libc.a(atol.o)
                              GPS_L70_Light.o (atol)
c:/program files (x86)/atmel studio/7.0/toolchain/avr8/avr8-gnu-toolchain/bin/../lib/gcc/avr/5.4.0/../../../../avr/lib/avrxmega3\libc.a(memset.o)
                              TestFunctions.o (memset)
c:/program files (x86)/atmel studio/7.0/toolchain/avr8/avr8-gnu-toolchain/bin/../lib/gcc/avr/5.4.0/../../../../avr/lib/avrxmega3\libc.a(strchr.o)
                              GPS_L70_Light.o (strchr)
c:/program files (x86)/atmel studio/7.0/toolchain/avr8/avr8-gnu-toolchain/bin/../lib/gcc/avr/5.4.0/../../../../avr/lib/avrxmega3\libc.a(mulsi10.o)
                              c:/program files (x86)/atmel studio/7.0/toolchain/avr8/avr8-gnu-toolchain/bin/../lib/gcc/avr/5.4.0/../../../../avr/lib/avrxmega3\libc.a(atol.o) (__mulsi_const_10)
c:/program files (x86)/atmel studio/7.0/toolchain/avr8/avr8-gnu-toolchain/bin/../lib/gcc/avr/5.4.0/../../../../avr/lib/avrxmega3\libc.a(mul10.o)
                              c:/program files (x86)/atmel studio/7.0/toolchain/avr8/avr8-gnu-toolchain/bin/../lib/gcc/avr/5.4.0/../../../../avr/lib/avrxmega3\libc.a(atoi.o) (__mulhi_const_10)
c:/program files (x86)/atmel studio/7.0/toolchain/avr8/avr8-gnu-toolchain/bin/../lib/gcc/avr/5.4.0/../../../../avr/lib/avrxmega3\libc.a(iob.o)
                              UART.o (__iob)
c:/program files (x86)/atmel studio/7.0/toolchain/avr8/avr8-gnu-toolchain/bin/../lib/gcc/avr/5.4.0/../../../../avr/lib/avrxmega3\libc.a(printf.o)
                              GPS_L70_Light.o (printf)
c:/program files (x86)/atmel studio/7.0/toolchain/avr8/avr8-gnu-toolchain/bin/../lib/gcc/avr/5.4.0/../../../../avr/lib/avrxmega3\libc.a(puts.o)
                              main.o (puts)
c:/program files (x86)/atmel studio/7.0/toolchain/avr8/avr8-gnu-toolchain/bin/../lib/gcc/avr/5.4.0/../../../../avr/lib/avrxmega3\libc.a(vfprintf_std.o)
                              c:/program files (x86)/atmel studio/7.0/toolchain/avr8/avr8-gnu-toolchain/bin/../lib/gcc/avr/5.4.0/../../../../avr/lib/avrxmega3\libc.a(printf.o) (vfprintf)
c:/program files (x86)/atmel studio/7.0/toolchain/avr8/avr8-gnu-toolchain/bin/../lib/gcc/avr/5.4.0/../../../../avr/lib/avrxmega3\libc.a(strnlen_P.o)
                              c:/program files (x86)/atmel studio/7.0/toolchain/avr8/avr8-gnu-toolchain/bin/../lib/gcc/avr/5.4.0/../../../../avr/lib/avrxmega3\libc.a(vfprintf_std.o) (strnlen_P)
c:/program files (x86)/atmel studio/7.0/toolchain/avr8/avr8-gnu-toolchain/bin/../lib/gcc/avr/5.4.0/../../../../avr/lib/avrxmega3\libc.a(strnlen.o)
                              c:/program files (x86)/atmel studio/7.0/toolchain/avr8/avr8-gnu-toolchain/bin/../lib/gcc/avr/5.4.0/../../../../avr/lib/avrxmega3\libc.a(vfprintf_std.o) (strnlen)
c:/program files (x86)/atmel studio/7.0/toolchain/avr8/avr8-gnu-toolchain/bin/../lib/gcc/avr/5.4.0/../../../../avr/lib/avrxmega3\libc.a(fputc.o)
                              c:/program files (x86)/atmel studio/7.0/toolchain/avr8/avr8-gnu-toolchain/bin/../lib/gcc/avr/5.4.0/../../../../avr/lib/avrxmega3\libc.a(vfprintf_std.o) (fputc)
c:/program files (x86)/atmel studio/7.0/toolchain/avr8/avr8-gnu-toolchain/bin/../lib/gcc/avr/5.4.0/../../../../avr/lib/avrxmega3\libc.a(ultoa_invert.o)
                              c:/program files (x86)/atmel studio/7.0/toolchain/avr8/avr8-gnu-toolchain/bin/../lib/gcc/avr/5.4.0/../../../../avr/lib/avrxmega3\libc.a(vfprintf_std.o) (__ultoa_invert)
C:/Program Files (x86)/Atmel Studio/7.0/Packs/Atmel/ATtiny_DFP/1.4.310/gcc/dev/attiny1626/avrxmega3\libattiny1626.a(eerd_byte.o)
                              main.o (eeprom_read_byte)
C:/Program Files (x86)/Atmel Studio/7.0/Packs/Atmel/ATtiny_DFP/1.4.310/gcc/dev/attiny1626/avrxmega3\libattiny1626.a(eewr_byte.o)
                              main.o (eeprom_write_byte)
c:/program files (x86)/atmel studio/7.0/toolchain/avr8/avr8-gnu-toolchain/bin/../lib/gcc/avr/5.4.0/avrxmega3\libgcc.a(_prologue.o)
                              c:/program files (x86)/atmel studio/7.0/toolchain/avr8/avr8-gnu-toolchain/bin/../lib/gcc/avr/5.4.0/../../../../avr/lib/avrxmega3\libc.a(printf.o) (__prologue_saves__)
c:/program files (x86)/atmel studio/7.0/toolchain/avr8/avr8-gnu-toolchain/bin/../lib/gcc/avr/5.4.0/avrxmega3\libgcc.a(_epilogue.o)
                              c:/program files (x86)/atmel studio/7.0/toolchain/avr8/avr8-gnu-toolchain/bin/../lib/gcc/avr/5.4.0/../../../../avr/lib/avrxmega3\libc.a(printf.o) (__epilogue_restores__)

Allocating common symbols
Common symbol       size              file

__iob               0x6               c:/program files (x86)/atmel studio/7.0/toolchain/avr8/avr8-gnu-toolchain/bin/../lib/gcc/avr/5.4.0/../../../../avr/lib/avrxmega3\libc.a(iob.o)

Discarded input sections

 .data          0x00000000        0x0 C:/Program Files (x86)/Atmel Studio/7.0/Packs/Atmel/ATtiny_DFP/1.4.310/gcc/dev/attiny1626/avrxmega3/crtattiny1626.o
 .bss           0x00000000        0x0 C:/Program Files (x86)/Atmel Studio/7.0/Packs/Atmel/ATtiny_DFP/1.4.310/gcc/dev/attiny1626/avrxmega3/crtattiny1626.o
 .text          0x00000000        0x0 HelperFunctions.o
 .data          0x00000000        0x0 HelperFunctions.o
 .bss           0x00000000        0x0 HelperFunctions.o
 .text._Z13arrayToUint16Ph
                0x00000000       0x14 HelperFunctions.o
 .text._Z12arrayToInt32Ph
                0x00000000       0x24 HelperFunctions.o
 .text          0x00000000        0x0 Time.o
 .data          0x00000000        0x0 Time.o
 .bss           0x00000000        0x0 Time.o
 .text._Z9breakTimemR12tmElements_t
                0x00000000      0x26e Time.o
 .rodata._ZL9monthDays
                0x00000000        0xc Time.o
 .debug_info    0x00000000      0x1c0 Time.o
 .debug_abbrev  0x00000000       0xe0 Time.o
 .debug_loc     0x00000000      0x3df Time.o
 .debug_aranges
                0x00000000       0x20 Time.o
 .debug_ranges  0x00000000       0x10 Time.o
 .debug_line    0x00000000      0x1d5 Time.o
 .debug_str     0x00000000      0x269 Time.o
 .comment       0x00000000       0x31 Time.o
 .debug_frame   0x00000000       0x80 Time.o
 .text          0x00000000        0x0 TickTag.o
 .data          0x00000000        0x0 TickTag.o
 .bss           0x00000000        0x0 TickTag.o
 .text._Z23deviceDisableBODInSleepv
                0x00000000       0x18 TickTag.o
 .text._Z15deviceDeepSleepv
                0x00000000       0x2c TickTag.o
 .text._Z22getInternalTemperaturev
                0x00000000       0x80 TickTag.o
 .text._Z22deviceSetCPUSpeed32khzv
                0x00000000       0x2a TickTag.o
 .text          0x00000000        0x0 EEPROM_CAT24M01.o
 .data          0x00000000        0x0 EEPROM_CAT24M01.o
 .bss           0x00000000        0x0 EEPROM_CAT24M01.o
 .text._Z13eepromIsAlivev
                0x00000000       0x1e EEPROM_CAT24M01.o
 .text._Z19eepromGetI2CAddressm
                0x00000000       0x12 EEPROM_CAT24M01.o
 .text          0x00000000        0x0 GPS_L70_Light.o
 .data          0x00000000        0x0 GPS_L70_Light.o
 .bss           0x00000000        0x0 GPS_L70_Light.o
 .text._Z22gpsDecodeGPRMCandGPGGAPcP5gps_th
                0x00000000      0x2f4 GPS_L70_Light.o
 .text._Z29gpsSetBaudrate9600Permanentlyv
                0x00000000       0x16 GPS_L70_Light.o
 .data.commandBaudrate9600Permanently
                0x00000000        0x2 GPS_L70_Light.o
 .data.commandOnlyGPRMCEverySecond
                0x00000000        0x2 GPS_L70_Light.o
 .data.commandOnlyGPGGAEverySecond
                0x00000000        0x2 GPS_L70_Light.o
 .text          0x00000000        0x0 I2C.o
 .data          0x00000000        0x0 I2C.o
 .bss           0x00000000        0x0 I2C.o
 .text          0x00000000        0x0 main.o
 .data          0x00000000        0x0 main.o
 .bss           0x00000000        0x0 main.o
 .text._Z17changeGPSBaudratev
                0x00000000       0x66 main.o
 .text          0x00000000        0x0 TestFunctions.o
 .data          0x00000000        0x0 TestFunctions.o
 .bss           0x00000000        0x0 TestFunctions.o
 .text._Z14mockFullMemorymm
                0x00000000       0x86 TestFunctions.o
 .text._Z15mockEmptyMemorymm
                0x00000000       0x3e TestFunctions.o
 .rodata.str1.1
                0x00000000      0x14c TestFunctions.o
 .text._Z19readVoltage1606Testv
                0x00000000       0x3c TestFunctions.o
 .text._Z11testMessagev
                0x00000000       0x52 TestFunctions.o
 .text._Z15testWriteMemoryv
                0x00000000       0x40 TestFunctions.o
 .text._Z10testMemoryv
                0x00000000       0x70 TestFunctions.o
 .text._Z7i2cTestv
                0x00000000      0x15c TestFunctions.o
 .text._Z8i2cTest2v
                0x00000000      0x160 TestFunctions.o
 .text._Z28uartReadMultipleLinesNoFlushhcPchj
                0x00000000       0x8e TestFunctions.o
 .text._Z18lightSleepUARTTestv
                0x00000000      0x25a TestFunctions.o
 .text._Z13newParserTestv
                0x00000000      0x22e TestFunctions.o
 .text._Z7flpTestv
                0x00000000      0x2f6 TestFunctions.o
 .debug_info    0x00000000     0x1804 TestFunctions.o
 .debug_abbrev  0x00000000      0x342 TestFunctions.o
 .debug_loc     0x00000000      0xdbc TestFunctions.o
 .debug_aranges
                0x00000000       0x78 TestFunctions.o
 .debug_ranges  0x00000000       0x68 TestFunctions.o
 .debug_line    0x00000000      0xaf0 TestFunctions.o
 .debug_str     0x00000000      0xb47 TestFunctions.o
 .comment       0x00000000       0x31 TestFunctions.o
 .debug_frame   0x00000000      0x2bc TestFunctions.o
 .text          0x00000000        0x0 UART.o
 .data          0x00000000        0x0 UART.o
 .bss           0x00000000        0x0 UART.o
 .text._Z25initPrimaryUARTwith115200v
                0x00000000       0x38 UART.o
 .text._Z5printPKc
                0x00000000       0x2a UART.o
 .rodata.str1.1
                0x00000000        0x4 UART.o
 .text._Z7printlnPKc
                0x00000000       0x16 UART.o
 .text._Z8printU16j
                0x00000000       0x6c UART.o
 .text._Z8printNumm
                0x00000000       0x5a UART.o
 .text          0x00000000        0x0 c:/program files (x86)/atmel studio/7.0/toolchain/avr8/avr8-gnu-toolchain/bin/../lib/gcc/avr/5.4.0/avrxmega3\libgcc.a(_mulsi3.o)
 .data          0x00000000        0x0 c:/program files (x86)/atmel studio/7.0/toolchain/avr8/avr8-gnu-toolchain/bin/../lib/gcc/avr/5.4.0/avrxmega3\libgcc.a(_mulsi3.o)
 .bss           0x00000000        0x0 c:/program files (x86)/atmel studio/7.0/toolchain/avr8/avr8-gnu-toolchain/bin/../lib/gcc/avr/5.4.0/avrxmega3\libgcc.a(_mulsi3.o)
 .text.libgcc.div
                0x00000000        0x0 c:/program files (x86)/atmel studio/7.0/toolchain/avr8/avr8-gnu-toolchain/bin/../lib/gcc/avr/5.4.0/avrxmega3\libgcc.a(_mulsi3.o)
 .text.libgcc   0x00000000        0x0 c:/program files (x86)/atmel studio/7.0/toolchain/avr8/avr8-gnu-toolchain/bin/../lib/gcc/avr/5.4.0/avrxmega3\libgcc.a(_mulsi3.o)
 .text.libgcc.prologue
                0x00000000        0x0 c:/program files (x86)/atmel studio/7.0/toolchain/avr8/avr8-gnu-toolchain/bin/../lib/gcc/avr/5.4.0/avrxmega3\libgcc.a(_mulsi3.o)
 .text.libgcc.builtins
                0x00000000        0x0 c:/program files (x86)/atmel studio/7.0/toolchain/avr8/avr8-gnu-toolchain/bin/../lib/gcc/avr/5.4.0/avrxmega3\libgcc.a(_mulsi3.o)
 .text.libgcc.fmul
                0x00000000        0x0 c:/program files (x86)/atmel studio/7.0/toolchain/avr8/avr8-gnu-toolchain/bin/../lib/gcc/avr/5.4.0/avrxmega3\libgcc.a(_mulsi3.o)
 .text.libgcc.fixed
                0x00000000        0x0 c:/program files (x86)/atmel studio/7.0/toolchain/avr8/avr8-gnu-toolchain/bin/../lib/gcc/avr/5.4.0/avrxmega3\libgcc.a(_mulsi3.o)
 .text          0x00000000        0x0 c:/program files (x86)/atmel studio/7.0/toolchain/avr8/avr8-gnu-toolchain/bin/../lib/gcc/avr/5.4.0/avrxmega3\libgcc.a(_divmodhi4.o)
 .data          0x00000000        0x0 c:/program files (x86)/atmel studio/7.0/toolchain/avr8/avr8-gnu-toolchain/bin/../lib/gcc/avr/5.4.0/avrxmega3\libgcc.a(_divmodhi4.o)
 .bss           0x00000000        0x0 c:/program files (x86)/atmel studio/7.0/toolchain/avr8/avr8-gnu-toolchain/bin/../lib/gcc/avr/5.4.0/avrxmega3\libgcc.a(_divmodhi4.o)
 .text.libgcc.mul
                0x00000000        0x0 c:/program files (x86)/atmel studio/7.0/toolchain/avr8/avr8-gnu-toolchain/bin/../lib/gcc/avr/5.4.0/avrxmega3\libgcc.a(_divmodhi4.o)
 .text.libgcc.div
                0x00000000       0x28 c:/program files (x86)/atmel studio/7.0/toolchain/avr8/avr8-gnu-toolchain/bin/../lib/gcc/avr/5.4.0/avrxmega3\libgcc.a(_divmodhi4.o)
 .text.libgcc   0x00000000        0x0 c:/program files (x86)/atmel studio/7.0/toolchain/avr8/avr8-gnu-toolchain/bin/../lib/gcc/avr/5.4.0/avrxmega3\libgcc.a(_divmodhi4.o)
 .text.libgcc.prologue
                0x00000000        0x0 c:/program files (x86)/atmel studio/7.0/toolchain/avr8/avr8-gnu-toolchain/bin/../lib/gcc/avr/5.4.0/avrxmega3\libgcc.a(_divmodhi4.o)
 .text.libgcc.builtins
                0x00000000        0x0 c:/program files (x86)/atmel studio/7.0/toolchain/avr8/avr8-gnu-toolchain/bin/../lib/gcc/avr/5.4.0/avrxmega3\libgcc.a(_divmodhi4.o)
 .text.libgcc.fmul
                0x00000000        0x0 c:/program files (x86)/atmel studio/7.0/toolchain/avr8/avr8-gnu-toolchain/bin/../lib/gcc/avr/5.4.0/avrxmega3\libgcc.a(_divmodhi4.o)
 .text.libgcc.fixed
                0x00000000        0x0 c:/program files (x86)/atmel studio/7.0/toolchain/avr8/avr8-gnu-toolchain/bin/../lib/gcc/avr/5.4.0/avrxmega3\libgcc.a(_divmodhi4.o)
 .text          0x00000000        0x0 c:/program files (x86)/atmel studio/7.0/toolchain/avr8/avr8-gnu-toolchain/bin/../lib/gcc/avr/5.4.0/avrxmega3\libgcc.a(_udivmodsi4.o)
 .data          0x00000000        0x0 c:/program files (x86)/atmel studio/7.0/toolchain/avr8/avr8-gnu-toolchain/bin/../lib/gcc/avr/5.4.0/avrxmega3\libgcc.a(_udivmodsi4.o)
 .bss           0x00000000        0x0 c:/program files (x86)/atmel studio/7.0/toolchain/avr8/avr8-gnu-toolchain/bin/../lib/gcc/avr/5.4.0/avrxmega3\libgcc.a(_udivmodsi4.o)
 .text.libgcc.mul
                0x00000000        0x0 c:/program files (x86)/atmel studio/7.0/toolchain/avr8/avr8-gnu-toolchain/bin/../lib/gcc/avr/5.4.0/avrxmega3\libgcc.a(_udivmodsi4.o)
 .text.libgcc   0x00000000        0x0 c:/program files (x86)/atmel studio/7.0/toolchain/avr8/avr8-gnu-toolchain/bin/../lib/gcc/avr/5.4.0/avrxmega3\libgcc.a(_udivmodsi4.o)
 .text.libgcc.prologue
                0x00000000        0x0 c:/program files (x86)/atmel studio/7.0/toolchain/avr8/avr8-gnu-toolchain/bin/../lib/gcc/avr/5.4.0/avrxmega3\libgcc.a(_udivmodsi4.o)
 .text.libgcc.builtins
                0x00000000        0x0 c:/program files (x86)/atmel studio/7.0/toolchain/avr8/avr8-gnu-toolchain/bin/../lib/gcc/avr/5.4.0/avrxmega3\libgcc.a(_udivmodsi4.o)
 .text.libgcc.fmul
                0x00000000        0x0 c:/program files (x86)/atmel studio/7.0/toolchain/avr8/avr8-gnu-toolchain/bin/../lib/gcc/avr/5.4.0/avrxmega3\libgcc.a(_udivmodsi4.o)
 .text.libgcc.fixed
                0x00000000        0x0 c:/program files (x86)/atmel studio/7.0/toolchain/avr8/avr8-gnu-toolchain/bin/../lib/gcc/avr/5.4.0/avrxmega3\libgcc.a(_udivmodsi4.o)
 .text          0x00000000        0x0 c:/program files (x86)/atmel studio/7.0/toolchain/avr8/avr8-gnu-toolchain/bin/../lib/gcc/avr/5.4.0/avrxmega3\libgcc.a(_divmodsi4.o)
 .data          0x00000000        0x0 c:/program files (x86)/atmel studio/7.0/toolchain/avr8/avr8-gnu-toolchain/bin/../lib/gcc/avr/5.4.0/avrxmega3\libgcc.a(_divmodsi4.o)
 .bss           0x00000000        0x0 c:/program files (x86)/atmel studio/7.0/toolchain/avr8/avr8-gnu-toolchain/bin/../lib/gcc/avr/5.4.0/avrxmega3\libgcc.a(_divmodsi4.o)
 .text.libgcc.mul
                0x00000000        0x0 c:/program files (x86)/atmel studio/7.0/toolchain/avr8/avr8-gnu-toolchain/bin/../lib/gcc/avr/5.4.0/avrxmega3\libgcc.a(_divmodsi4.o)
 .text.libgcc   0x00000000        0x0 c:/program files (x86)/atmel studio/7.0/toolchain/avr8/avr8-gnu-toolchain/bin/../lib/gcc/avr/5.4.0/avrxmega3\libgcc.a(_divmodsi4.o)
 .text.libgcc.prologue
                0x00000000        0x0 c:/program files (x86)/atmel studio/7.0/toolchain/avr8/avr8-gnu-toolchain/bin/../lib/gcc/avr/5.4.0/avrxmega3\libgcc.a(_divmodsi4.o)
 .text.libgcc.builtins
                0x00000000        0x0 c:/program files (x86)/atmel studio/7.0/toolchain/avr8/avr8-gnu-toolchain/bin/../lib/gcc/avr/5.4.0/avrxmega3\libgcc.a(_divmodsi4.o)
 .text.libgcc.fmul
                0x00000000        0x0 c:/program files (x86)/atmel studio/7.0/toolchain/avr8/avr8-gnu-toolchain/bin/../lib/gcc/avr/5.4.0/avrxmega3\libgcc.a(_divmodsi4.o)
 .text.libgcc.fixed
                0x00000000        0x0 c:/program files (x86)/atmel studio/7.0/toolchain/avr8/avr8-gnu-toolchain/bin/../lib/gcc/avr/5.4.0/avrxmega3\libgcc.a(_divmodsi4.o)
 .text          0x00000000        0x0 c:/program files (x86)/atmel studio/7.0/toolchain/avr8/avr8-gnu-toolchain/bin/../lib/gcc/avr/5.4.0/avrxmega3\libgcc.a(_negsi2.o)
 .data          0x00000000        0x0 c:/program files (x86)/atmel studio/7.0/toolchain/avr8/avr8-gnu-toolchain/bin/../lib/gcc/avr/5.4.0/avrxmega3\libgcc.a(_negsi2.o)
 .bss           0x00000000        0x0 c:/program files (x86)/atmel studio/7.0/toolchain/avr8/avr8-gnu-toolchain/bin/../lib/gcc/avr/5.4.0/avrxmega3\libgcc.a(_negsi2.o)
 .text.libgcc.mul
                0x00000000        0x0 c:/program files (x86)/atmel studio/7.0/toolchain/avr8/avr8-gnu-toolchain/bin/../lib/gcc/avr/5.4.0/avrxmega3\libgcc.a(_negsi2.o)
 .text.libgcc   0x00000000        0x0 c:/program files (x86)/atmel studio/7.0/toolchain/avr8/avr8-gnu-toolchain/bin/../lib/gcc/avr/5.4.0/avrxmega3\libgcc.a(_negsi2.o)
 .text.libgcc.prologue
                0x00000000        0x0 c:/program files (x86)/atmel studio/7.0/toolchain/avr8/avr8-gnu-toolchain/bin/../lib/gcc/avr/5.4.0/avrxmega3\libgcc.a(_negsi2.o)
 .text.libgcc.builtins
                0x00000000        0x0 c:/program files (x86)/atmel studio/7.0/toolchain/avr8/avr8-gnu-toolchain/bin/../lib/gcc/avr/5.4.0/avrxmega3\libgcc.a(_negsi2.o)
 .text.libgcc.fmul
                0x00000000        0x0 c:/program files (x86)/atmel studio/7.0/toolchain/avr8/avr8-gnu-toolchain/bin/../lib/gcc/avr/5.4.0/avrxmega3\libgcc.a(_negsi2.o)
 .text.libgcc.fixed
                0x00000000        0x0 c:/program files (x86)/atmel studio/7.0/toolchain/avr8/avr8-gnu-toolchain/bin/../lib/gcc/avr/5.4.0/avrxmega3\libgcc.a(_negsi2.o)
 .text          0x00000000        0x0 c:/program files (x86)/atmel studio/7.0/toolchain/avr8/avr8-gnu-toolchain/bin/../lib/gcc/avr/5.4.0/avrxmega3\libgcc.a(_exit.o)
 .data          0x00000000        0x0 c:/program files (x86)/atmel studio/7.0/toolchain/avr8/avr8-gnu-toolchain/bin/../lib/gcc/avr/5.4.0/avrxmega3\libgcc.a(_exit.o)
 .bss           0x00000000        0x0 c:/program files (x86)/atmel studio/7.0/toolchain/avr8/avr8-gnu-toolchain/bin/../lib/gcc/avr/5.4.0/avrxmega3\libgcc.a(_exit.o)
 .text.libgcc.mul
                0x00000000        0x0 c:/program files (x86)/atmel studio/7.0/toolchain/avr8/avr8-gnu-toolchain/bin/../lib/gcc/avr/5.4.0/avrxmega3\libgcc.a(_exit.o)
 .text.libgcc.div
                0x00000000        0x0 c:/program files (x86)/atmel studio/7.0/toolchain/avr8/avr8-gnu-toolchain/bin/../lib/gcc/avr/5.4.0/avrxmega3\libgcc.a(_exit.o)
 .text.libgcc   0x00000000        0x0 c:/program files (x86)/atmel studio/7.0/toolchain/avr8/avr8-gnu-toolchain/bin/../lib/gcc/avr/5.4.0/avrxmega3\libgcc.a(_exit.o)
 .text.libgcc.prologue
                0x00000000        0x0 c:/program files (x86)/atmel studio/7.0/toolchain/avr8/avr8-gnu-toolchain/bin/../lib/gcc/avr/5.4.0/avrxmega3\libgcc.a(_exit.o)
 .text.libgcc.builtins
                0x00000000        0x0 c:/program files (x86)/atmel studio/7.0/toolchain/avr8/avr8-gnu-toolchain/bin/../lib/gcc/avr/5.4.0/avrxmega3\libgcc.a(_exit.o)
 .text.libgcc.fmul
                0x00000000        0x0 c:/program files (x86)/atmel studio/7.0/toolchain/avr8/avr8-gnu-toolchain/bin/../lib/gcc/avr/5.4.0/avrxmega3\libgcc.a(_exit.o)
 .text.libgcc.fixed
                0x00000000        0x0 c:/program files (x86)/atmel studio/7.0/toolchain/avr8/avr8-gnu-toolchain/bin/../lib/gcc/avr/5.4.0/avrxmega3\libgcc.a(_exit.o)
 .text          0x00000000        0x0 c:/program files (x86)/atmel studio/7.0/toolchain/avr8/avr8-gnu-toolchain/bin/../lib/gcc/avr/5.4.0/avrxmega3\libgcc.a(_copy_data.o)
 .data          0x00000000        0x0 c:/program files (x86)/atmel studio/7.0/toolchain/avr8/avr8-gnu-toolchain/bin/../lib/gcc/avr/5.4.0/avrxmega3\libgcc.a(_copy_data.o)
 .bss           0x00000000        0x0 c:/program files (x86)/atmel studio/7.0/toolchain/avr8/avr8-gnu-toolchain/bin/../lib/gcc/avr/5.4.0/avrxmega3\libgcc.a(_copy_data.o)
 .text.libgcc.mul
                0x00000000        0x0 c:/program files (x86)/atmel studio/7.0/toolchain/avr8/avr8-gnu-toolchain/bin/../lib/gcc/avr/5.4.0/avrxmega3\libgcc.a(_copy_data.o)
 .text.libgcc.div
                0x00000000        0x0 c:/program files (x86)/atmel studio/7.0/toolchain/avr8/avr8-gnu-toolchain/bin/../lib/gcc/avr/5.4.0/avrxmega3\libgcc.a(_copy_data.o)
 .text.libgcc   0x00000000        0x0 c:/program files (x86)/atmel studio/7.0/toolchain/avr8/avr8-gnu-toolchain/bin/../lib/gcc/avr/5.4.0/avrxmega3\libgcc.a(_copy_data.o)
 .text.libgcc.prologue
                0x00000000        0x0 c:/program files (x86)/atmel studio/7.0/toolchain/avr8/avr8-gnu-toolchain/bin/../lib/gcc/avr/5.4.0/avrxmega3\libgcc.a(_copy_data.o)
 .text.libgcc.builtins
                0x00000000        0x0 c:/program files (x86)/atmel studio/7.0/toolchain/avr8/avr8-gnu-toolchain/bin/../lib/gcc/avr/5.4.0/avrxmega3\libgcc.a(_copy_data.o)
 .text.libgcc.fmul
                0x00000000        0x0 c:/program files (x86)/atmel studio/7.0/toolchain/avr8/avr8-gnu-toolchain/bin/../lib/gcc/avr/5.4.0/avrxmega3\libgcc.a(_copy_data.o)
 .text.libgcc.fixed
                0x00000000        0x0 c:/program files (x86)/atmel studio/7.0/toolchain/avr8/avr8-gnu-toolchain/bin/../lib/gcc/avr/5.4.0/avrxmega3\libgcc.a(_copy_data.o)
 .text          0x00000000        0x0 c:/program files (x86)/atmel studio/7.0/toolchain/avr8/avr8-gnu-toolchain/bin/../lib/gcc/avr/5.4.0/avrxmega3\libgcc.a(_clear_bss.o)
 .data          0x00000000        0x0 c:/program files (x86)/atmel studio/7.0/toolchain/avr8/avr8-gnu-toolchain/bin/../lib/gcc/avr/5.4.0/avrxmega3\libgcc.a(_clear_bss.o)
 .bss           0x00000000        0x0 c:/program files (x86)/atmel studio/7.0/toolchain/avr8/avr8-gnu-toolchain/bin/../lib/gcc/avr/5.4.0/avrxmega3\libgcc.a(_clear_bss.o)
 .text.libgcc.mul
                0x00000000        0x0 c:/program files (x86)/atmel studio/7.0/toolchain/avr8/avr8-gnu-toolchain/bin/../lib/gcc/avr/5.4.0/avrxmega3\libgcc.a(_clear_bss.o)
 .text.libgcc.div
                0x00000000        0x0 c:/program files (x86)/atmel studio/7.0/toolchain/avr8/avr8-gnu-toolchain/bin/../lib/gcc/avr/5.4.0/avrxmega3\libgcc.a(_clear_bss.o)
 .text.libgcc   0x00000000        0x0 c:/program files (x86)/atmel studio/7.0/toolchain/avr8/avr8-gnu-toolchain/bin/../lib/gcc/avr/5.4.0/avrxmega3\libgcc.a(_clear_bss.o)
 .text.libgcc.prologue
                0x00000000        0x0 c:/program files (x86)/atmel studio/7.0/toolchain/avr8/avr8-gnu-toolchain/bin/../lib/gcc/avr/5.4.0/avrxmega3\libgcc.a(_clear_bss.o)
 .text.libgcc.builtins
                0x00000000        0x0 c:/program files (x86)/atmel studio/7.0/toolchain/avr8/avr8-gnu-toolchain/bin/../lib/gcc/avr/5.4.0/avrxmega3\libgcc.a(_clear_bss.o)
 .text.libgcc.fmul
                0x00000000        0x0 c:/program files (x86)/atmel studio/7.0/toolchain/avr8/avr8-gnu-toolchain/bin/../lib/gcc/avr/5.4.0/avrxmega3\libgcc.a(_clear_bss.o)
 .text.libgcc.fixed
                0x00000000        0x0 c:/program files (x86)/atmel studio/7.0/toolchain/avr8/avr8-gnu-toolchain/bin/../lib/gcc/avr/5.4.0/avrxmega3\libgcc.a(_clear_bss.o)
 .text          0x00000000        0x0 c:/program files (x86)/atmel studio/7.0/toolchain/avr8/avr8-gnu-toolchain/bin/../lib/gcc/avr/5.4.0/avrxmega3\libgcc.a(_umulhisi3.o)
 .data          0x00000000        0x0 c:/program files (x86)/atmel studio/7.0/toolchain/avr8/avr8-gnu-toolchain/bin/../lib/gcc/avr/5.4.0/avrxmega3\libgcc.a(_umulhisi3.o)
 .bss           0x00000000        0x0 c:/program files (x86)/atmel studio/7.0/toolchain/avr8/avr8-gnu-toolchain/bin/../lib/gcc/avr/5.4.0/avrxmega3\libgcc.a(_umulhisi3.o)
 .text.libgcc.div
                0x00000000        0x0 c:/program files (x86)/atmel studio/7.0/toolchain/avr8/avr8-gnu-toolchain/bin/../lib/gcc/avr/5.4.0/avrxmega3\libgcc.a(_umulhisi3.o)
 .text.libgcc   0x00000000        0x0 c:/program files (x86)/atmel studio/7.0/toolchain/avr8/avr8-gnu-toolchain/bin/../lib/gcc/avr/5.4.0/avrxmega3\libgcc.a(_umulhisi3.o)
 .text.libgcc.prologue
                0x00000000        0x0 c:/program files (x86)/atmel studio/7.0/toolchain/avr8/avr8-gnu-toolchain/bin/../lib/gcc/avr/5.4.0/avrxmega3\libgcc.a(_umulhisi3.o)
 .text.libgcc.builtins
                0x00000000        0x0 c:/program files (x86)/atmel studio/7.0/toolchain/avr8/avr8-gnu-toolchain/bin/../lib/gcc/avr/5.4.0/avrxmega3\libgcc.a(_umulhisi3.o)
 .text.libgcc.fmul
                0x00000000        0x0 c:/program files (x86)/atmel studio/7.0/toolchain/avr8/avr8-gnu-toolchain/bin/../lib/gcc/avr/5.4.0/avrxmega3\libgcc.a(_umulhisi3.o)
 .text.libgcc.fixed
                0x00000000        0x0 c:/program files (x86)/atmel studio/7.0/toolchain/avr8/avr8-gnu-toolchain/bin/../lib/gcc/avr/5.4.0/avrxmega3\libgcc.a(_umulhisi3.o)
 .text          0x00000000        0x0 c:/program files (x86)/atmel studio/7.0/toolchain/avr8/avr8-gnu-toolchain/bin/../lib/gcc/avr/5.4.0/avrxmega3\libgcc.a(_muluhisi3.o)
 .data          0x00000000        0x0 c:/program files (x86)/atmel studio/7.0/toolchain/avr8/avr8-gnu-toolchain/bin/../lib/gcc/avr/5.4.0/avrxmega3\libgcc.a(_muluhisi3.o)
 .bss           0x00000000        0x0 c:/program files (x86)/atmel studio/7.0/toolchain/avr8/avr8-gnu-toolchain/bin/../lib/gcc/avr/5.4.0/avrxmega3\libgcc.a(_muluhisi3.o)
 .text.libgcc.div
                0x00000000        0x0 c:/program files (x86)/atmel studio/7.0/toolchain/avr8/avr8-gnu-toolchain/bin/../lib/gcc/avr/5.4.0/avrxmega3\libgcc.a(_muluhisi3.o)
 .text.libgcc   0x00000000        0x0 c:/program files (x86)/atmel studio/7.0/toolchain/avr8/avr8-gnu-toolchain/bin/../lib/gcc/avr/5.4.0/avrxmega3\libgcc.a(_muluhisi3.o)
 .text.libgcc.prologue
                0x00000000        0x0 c:/program files (x86)/atmel studio/7.0/toolchain/avr8/avr8-gnu-toolchain/bin/../lib/gcc/avr/5.4.0/avrxmega3\libgcc.a(_muluhisi3.o)
 .text.libgcc.builtins
                0x00000000        0x0 c:/program files (x86)/atmel studio/7.0/toolchain/avr8/avr8-gnu-toolchain/bin/../lib/gcc/avr/5.4.0/avrxmega3\libgcc.a(_muluhisi3.o)
 .text.libgcc.fmul
                0x00000000        0x0 c:/program files (x86)/atmel studio/7.0/toolchain/avr8/avr8-gnu-toolchain/bin/../lib/gcc/avr/5.4.0/avrxmega3\libgcc.a(_muluhisi3.o)
 .text.libgcc.fixed
                0x00000000        0x0 c:/program files (x86)/atmel studio/7.0/toolchain/avr8/avr8-gnu-toolchain/bin/../lib/gcc/avr/5.4.0/avrxmega3\libgcc.a(_muluhisi3.o)
 .text          0x00000000        0x0 c:/program files (x86)/atmel studio/7.0/toolchain/avr8/avr8-gnu-toolchain/bin/../lib/gcc/avr/5.4.0/avrxmega3\libgcc.a(_udivmodhi4.o)
 .data          0x00000000        0x0 c:/program files (x86)/atmel studio/7.0/toolchain/avr8/avr8-gnu-toolchain/bin/../lib/gcc/avr/5.4.0/avrxmega3\libgcc.a(_udivmodhi4.o)
 .bss           0x00000000        0x0 c:/program files (x86)/atmel studio/7.0/toolchain/avr8/avr8-gnu-toolchain/bin/../lib/gcc/avr/5.4.0/avrxmega3\libgcc.a(_udivmodhi4.o)
 .text.libgcc.mul
                0x00000000        0x0 c:/program files (x86)/atmel studio/7.0/toolchain/avr8/avr8-gnu-toolchain/bin/../lib/gcc/avr/5.4.0/avrxmega3\libgcc.a(_udivmodhi4.o)
 .text.libgcc.div
                0x00000000       0x28 c:/program files (x86)/atmel studio/7.0/toolchain/avr8/avr8-gnu-toolchain/bin/../lib/gcc/avr/5.4.0/avrxmega3\libgcc.a(_udivmodhi4.o)
 .text.libgcc   0x00000000        0x0 c:/program files (x86)/atmel studio/7.0/toolchain/avr8/avr8-gnu-toolchain/bin/../lib/gcc/avr/5.4.0/avrxmega3\libgcc.a(_udivmodhi4.o)
 .text.libgcc.prologue
                0x00000000        0x0 c:/program files (x86)/atmel studio/7.0/toolchain/avr8/avr8-gnu-toolchain/bin/../lib/gcc/avr/5.4.0/avrxmega3\libgcc.a(_udivmodhi4.o)
 .text.libgcc.builtins
                0x00000000        0x0 c:/program files (x86)/atmel studio/7.0/toolchain/avr8/avr8-gnu-toolchain/bin/../lib/gcc/avr/5.4.0/avrxmega3\libgcc.a(_udivmodhi4.o)
 .text.libgcc.fmul
                0x00000000        0x0 c:/program files (x86)/atmel studio/7.0/toolchain/avr8/avr8-gnu-toolchain/bin/../lib/gcc/avr/5.4.0/avrxmega3\libgcc.a(_udivmodhi4.o)
 .text.libgcc.fixed
                0x00000000        0x0 c:/program files (x86)/atmel studio/7.0/toolchain/avr8/avr8-gnu-toolchain/bin/../lib/gcc/avr/5.4.0/avrxmega3\libgcc.a(_udivmodhi4.o)
 .text          0x00000000        0x0 c:/program files (x86)/atmel studio/7.0/toolchain/avr8/avr8-gnu-toolchain/bin/../lib/gcc/avr/5.4.0/../../../../avr/lib/avrxmega3\libc.a(atoi.o)
 .data          0x00000000        0x0 c:/program files (x86)/atmel studio/7.0/toolchain/avr8/avr8-gnu-toolchain/bin/../lib/gcc/avr/5.4.0/../../../../avr/lib/avrxmega3\libc.a(atoi.o)
 .bss           0x00000000        0x0 c:/program files (x86)/atmel studio/7.0/toolchain/avr8/avr8-gnu-toolchain/bin/../lib/gcc/avr/5.4.0/../../../../avr/lib/avrxmega3\libc.a(atoi.o)
 .text          0x00000000        0x0 c:/program files (x86)/atmel studio/7.0/toolchain/avr8/avr8-gnu-toolchain/bin/../lib/gcc/avr/5.4.0/../../../../avr/lib/avrxmega3\libc.a(atol.o)
 .data          0x00000000        0x0 c:/program files (x86)/atmel studio/7.0/toolchain/avr8/avr8-gnu-toolchain/bin/../lib/gcc/avr/5.4.0/../../../../avr/lib/avrxmega3\libc.a(atol.o)
 .bss           0x00000000        0x0 c:/program files (x86)/atmel studio/7.0/toolchain/avr8/avr8-gnu-toolchain/bin/../lib/gcc/avr/5.4.0/../../../../avr/lib/avrxmega3\libc.a(atol.o)
 .text          0x00000000        0x0 c:/program files (x86)/atmel studio/7.0/toolchain/avr8/avr8-gnu-toolchain/bin/../lib/gcc/avr/5.4.0/../../../../avr/lib/avrxmega3\libc.a(memset.o)
 .data          0x00000000        0x0 c:/program files (x86)/atmel studio/7.0/toolchain/avr8/avr8-gnu-toolchain/bin/../lib/gcc/avr/5.4.0/../../../../avr/lib/avrxmega3\libc.a(memset.o)
 .bss           0x00000000        0x0 c:/program files (x86)/atmel studio/7.0/toolchain/avr8/avr8-gnu-toolchain/bin/../lib/gcc/avr/5.4.0/../../../../avr/lib/avrxmega3\libc.a(memset.o)
 .text          0x00000000        0x0 c:/program files (x86)/atmel studio/7.0/toolchain/avr8/avr8-gnu-toolchain/bin/../lib/gcc/avr/5.4.0/../../../../avr/lib/avrxmega3\libc.a(strchr.o)
 .data          0x00000000        0x0 c:/program files (x86)/atmel studio/7.0/toolchain/avr8/avr8-gnu-toolchain/bin/../lib/gcc/avr/5.4.0/../../../../avr/lib/avrxmega3\libc.a(strchr.o)
 .bss           0x00000000        0x0 c:/program files (x86)/atmel studio/7.0/toolchain/avr8/avr8-gnu-toolchain/bin/../lib/gcc/avr/5.4.0/../../../../avr/lib/avrxmega3\libc.a(strchr.o)
 .text          0x00000000        0x0 c:/program files (x86)/atmel studio/7.0/toolchain/avr8/avr8-gnu-toolchain/bin/../lib/gcc/avr/5.4.0/../../../../avr/lib/avrxmega3\libc.a(mulsi10.o)
 .data          0x00000000        0x0 c:/program files (x86)/atmel studio/7.0/toolchain/avr8/avr8-gnu-toolchain/bin/../lib/gcc/avr/5.4.0/../../../../avr/lib/avrxmega3\libc.a(mulsi10.o)
 .bss           0x00000000        0x0 c:/program files (x86)/atmel studio/7.0/toolchain/avr8/avr8-gnu-toolchain/bin/../lib/gcc/avr/5.4.0/../../../../avr/lib/avrxmega3\libc.a(mulsi10.o)
 .text          0x00000000        0x0 c:/program files (x86)/atmel studio/7.0/toolchain/avr8/avr8-gnu-toolchain/bin/../lib/gcc/avr/5.4.0/../../../../avr/lib/avrxmega3\libc.a(mul10.o)
 .data          0x00000000        0x0 c:/program files (x86)/atmel studio/7.0/toolchain/avr8/avr8-gnu-toolchain/bin/../lib/gcc/avr/5.4.0/../../../../avr/lib/avrxmega3\libc.a(mul10.o)
 .bss           0x00000000        0x0 c:/program files (x86)/atmel studio/7.0/toolchain/avr8/avr8-gnu-toolchain/bin/../lib/gcc/avr/5.4.0/../../../../avr/lib/avrxmega3\libc.a(mul10.o)
 .text          0x00000000        0x0 c:/program files (x86)/atmel studio/7.0/toolchain/avr8/avr8-gnu-toolchain/bin/../lib/gcc/avr/5.4.0/../../../../avr/lib/avrxmega3\libc.a(iob.o)
 .data          0x00000000        0x0 c:/program files (x86)/atmel studio/7.0/toolchain/avr8/avr8-gnu-toolchain/bin/../lib/gcc/avr/5.4.0/../../../../avr/lib/avrxmega3\libc.a(iob.o)
 .bss           0x00000000        0x0 c:/program files (x86)/atmel studio/7.0/toolchain/avr8/avr8-gnu-toolchain/bin/../lib/gcc/avr/5.4.0/../../../../avr/lib/avrxmega3\libc.a(iob.o)
 .text          0x00000000        0x0 c:/program files (x86)/atmel studio/7.0/toolchain/avr8/avr8-gnu-toolchain/bin/../lib/gcc/avr/5.4.0/../../../../avr/lib/avrxmega3\libc.a(printf.o)
 .data          0x00000000        0x0 c:/program files (x86)/atmel studio/7.0/toolchain/avr8/avr8-gnu-toolchain/bin/../lib/gcc/avr/5.4.0/../../../../avr/lib/avrxmega3\libc.a(printf.o)
 .bss           0x00000000        0x0 c:/program files (x86)/atmel studio/7.0/toolchain/avr8/avr8-gnu-toolchain/bin/../lib/gcc/avr/5.4.0/../../../../avr/lib/avrxmega3\libc.a(printf.o)
 .text          0x00000000        0x0 c:/program files (x86)/atmel studio/7.0/toolchain/avr8/avr8-gnu-toolchain/bin/../lib/gcc/avr/5.4.0/../../../../avr/lib/avrxmega3\libc.a(puts.o)
 .data          0x00000000        0x0 c:/program files (x86)/atmel studio/7.0/toolchain/avr8/avr8-gnu-toolchain/bin/../lib/gcc/avr/5.4.0/../../../../avr/lib/avrxmega3\libc.a(puts.o)
 .bss           0x00000000        0x0 c:/program files (x86)/atmel studio/7.0/toolchain/avr8/avr8-gnu-toolchain/bin/../lib/gcc/avr/5.4.0/../../../../avr/lib/avrxmega3\libc.a(puts.o)
 .text          0x00000000        0x0 c:/program files (x86)/atmel studio/7.0/toolchain/avr8/avr8-gnu-toolchain/bin/../lib/gcc/avr/5.4.0/../../../../avr/lib/avrxmega3\libc.a(vfprintf_std.o)
 .data          0x00000000        0x0 c:/program files (x86)/atmel studio/7.0/toolchain/avr8/avr8-gnu-toolchain/bin/../lib/gcc/avr/5.4.0/../../../../avr/lib/avrxmega3\libc.a(vfprintf_std.o)
 .bss           0x00000000        0x0 c:/program files (x86)/atmel studio/7.0/toolchain/avr8/avr8-gnu-toolchain/bin/../lib/gcc/avr/5.4.0/../../../../avr/lib/avrxmega3\libc.a(vfprintf_std.o)
 .text          0x00000000        0x0 c:/program files (x86)/atmel studio/7.0/toolchain/avr8/avr8-gnu-toolchain/bin/../lib/gcc/avr/5.4.0/../../../../avr/lib/avrxmega3\libc.a(strnlen_P.o)
 .data          0x00000000        0x0 c:/program files (x86)/atmel studio/7.0/toolchain/avr8/avr8-gnu-toolchain/bin/../lib/gcc/avr/5.4.0/../../../../avr/lib/avrxmega3\libc.a(strnlen_P.o)
 .bss           0x00000000        0x0 c:/program files (x86)/atmel studio/7.0/toolchain/avr8/avr8-gnu-toolchain/bin/../lib/gcc/avr/5.4.0/../../../../avr/lib/avrxmega3\libc.a(strnlen_P.o)
 .text          0x00000000        0x0 c:/program files (x86)/atmel studio/7.0/toolchain/avr8/avr8-gnu-toolchain/bin/../lib/gcc/avr/5.4.0/../../../../avr/lib/avrxmega3\libc.a(strnlen.o)
 .data          0x00000000        0x0 c:/program files (x86)/atmel studio/7.0/toolchain/avr8/avr8-gnu-toolchain/bin/../lib/gcc/avr/5.4.0/../../../../avr/lib/avrxmega3\libc.a(strnlen.o)
 .bss           0x00000000        0x0 c:/program files (x86)/atmel studio/7.0/toolchain/avr8/avr8-gnu-toolchain/bin/../lib/gcc/avr/5.4.0/../../../../avr/lib/avrxmega3\libc.a(strnlen.o)
 .text          0x00000000        0x0 c:/program files (x86)/atmel studio/7.0/toolchain/avr8/avr8-gnu-toolchain/bin/../lib/gcc/avr/5.4.0/../../../../avr/lib/avrxmega3\libc.a(fputc.o)
 .data          0x00000000        0x0 c:/program files (x86)/atmel studio/7.0/toolchain/avr8/avr8-gnu-toolchain/bin/../lib/gcc/avr/5.4.0/../../../../avr/lib/avrxmega3\libc.a(fputc.o)
 .bss           0x00000000        0x0 c:/program files (x86)/atmel studio/7.0/toolchain/avr8/avr8-gnu-toolchain/bin/../lib/gcc/avr/5.4.0/../../../../avr/lib/avrxmega3\libc.a(fputc.o)
 .text          0x00000000        0x0 c:/program files (x86)/atmel studio/7.0/toolchain/avr8/avr8-gnu-toolchain/bin/../lib/gcc/avr/5.4.0/../../../../avr/lib/avrxmega3\libc.a(ultoa_invert.o)
 .data          0x00000000        0x0 c:/program files (x86)/atmel studio/7.0/toolchain/avr8/avr8-gnu-toolchain/bin/../lib/gcc/avr/5.4.0/../../../../avr/lib/avrxmega3\libc.a(ultoa_invert.o)
 .bss           0x00000000        0x0 c:/program files (x86)/atmel studio/7.0/toolchain/avr8/avr8-gnu-toolchain/bin/../lib/gcc/avr/5.4.0/../../../../avr/lib/avrxmega3\libc.a(ultoa_invert.o)
 .text          0x00000000        0x0 C:/Program Files (x86)/Atmel Studio/7.0/Packs/Atmel/ATtiny_DFP/1.4.310/gcc/dev/attiny1626/avrxmega3\libattiny1626.a(eerd_byte.o)
 .data          0x00000000        0x0 C:/Program Files (x86)/Atmel Studio/7.0/Packs/Atmel/ATtiny_DFP/1.4.310/gcc/dev/attiny1626/avrxmega3\libattiny1626.a(eerd_byte.o)
 .bss           0x00000000        0x0 C:/Program Files (x86)/Atmel Studio/7.0/Packs/Atmel/ATtiny_DFP/1.4.310/gcc/dev/attiny1626/avrxmega3\libattiny1626.a(eerd_byte.o)
 .text          0x00000000        0x0 C:/Program Files (x86)/Atmel Studio/7.0/Packs/Atmel/ATtiny_DFP/1.4.310/gcc/dev/attiny1626/avrxmega3\libattiny1626.a(eewr_byte.o)
 .data          0x00000000        0x0 C:/Program Files (x86)/Atmel Studio/7.0/Packs/Atmel/ATtiny_DFP/1.4.310/gcc/dev/attiny1626/avrxmega3\libattiny1626.a(eewr_byte.o)
 .bss           0x00000000        0x0 C:/Program Files (x86)/Atmel Studio/7.0/Packs/Atmel/ATtiny_DFP/1.4.310/gcc/dev/attiny1626/avrxmega3\libattiny1626.a(eewr_byte.o)
 .text          0x00000000        0x0 c:/program files (x86)/atmel studio/7.0/toolchain/avr8/avr8-gnu-toolchain/bin/../lib/gcc/avr/5.4.0/avrxmega3\libgcc.a(_prologue.o)
 .data          0x00000000        0x0 c:/program files (x86)/atmel studio/7.0/toolchain/avr8/avr8-gnu-toolchain/bin/../lib/gcc/avr/5.4.0/avrxmega3\libgcc.a(_prologue.o)
 .bss           0x00000000        0x0 c:/program files (x86)/atmel studio/7.0/toolchain/avr8/avr8-gnu-toolchain/bin/../lib/gcc/avr/5.4.0/avrxmega3\libgcc.a(_prologue.o)
 .text.libgcc.mul
                0x00000000        0x0 c:/program files (x86)/atmel studio/7.0/toolchain/avr8/avr8-gnu-toolchain/bin/../lib/gcc/avr/5.4.0/avrxmega3\libgcc.a(_prologue.o)
 .text.libgcc.div
                0x00000000        0x0 c:/program files (x86)/atmel studio/7.0/toolchain/avr8/avr8-gnu-toolchain/bin/../lib/gcc/avr/5.4.0/avrxmega3\libgcc.a(_prologue.o)
 .text.libgcc   0x00000000        0x0 c:/program files (x86)/atmel studio/7.0/toolchain/avr8/avr8-gnu-toolchain/bin/../lib/gcc/avr/5.4.0/avrxmega3\libgcc.a(_prologue.o)
 .text.libgcc.builtins
                0x00000000        0x0 c:/program files (x86)/atmel studio/7.0/toolchain/avr8/avr8-gnu-toolchain/bin/../lib/gcc/avr/5.4.0/avrxmega3\libgcc.a(_prologue.o)
 .text.libgcc.fmul
                0x00000000        0x0 c:/program files (x86)/atmel studio/7.0/toolchain/avr8/avr8-gnu-toolchain/bin/../lib/gcc/avr/5.4.0/avrxmega3\libgcc.a(_prologue.o)
 .text.libgcc.fixed
                0x00000000        0x0 c:/program files (x86)/atmel studio/7.0/toolchain/avr8/avr8-gnu-toolchain/bin/../lib/gcc/avr/5.4.0/avrxmega3\libgcc.a(_prologue.o)
 .text          0x00000000        0x0 c:/program files (x86)/atmel studio/7.0/toolchain/avr8/avr8-gnu-toolchain/bin/../lib/gcc/avr/5.4.0/avrxmega3\libgcc.a(_epilogue.o)
 .data          0x00000000        0x0 c:/program files (x86)/atmel studio/7.0/toolchain/avr8/avr8-gnu-toolchain/bin/../lib/gcc/avr/5.4.0/avrxmega3\libgcc.a(_epilogue.o)
 .bss           0x00000000        0x0 c:/program files (x86)/atmel studio/7.0/toolchain/avr8/avr8-gnu-toolchain/bin/../lib/gcc/avr/5.4.0/avrxmega3\libgcc.a(_epilogue.o)
 .text.libgcc.mul
                0x00000000        0x0 c:/program files (x86)/atmel studio/7.0/toolchain/avr8/avr8-gnu-toolchain/bin/../lib/gcc/avr/5.4.0/avrxmega3\libgcc.a(_epilogue.o)
 .text.libgcc.div
                0x00000000        0x0 c:/program files (x86)/atmel studio/7.0/toolchain/avr8/avr8-gnu-toolchain/bin/../lib/gcc/avr/5.4.0/avrxmega3\libgcc.a(_epilogue.o)
 .text.libgcc   0x00000000        0x0 c:/program files (x86)/atmel studio/7.0/toolchain/avr8/avr8-gnu-toolchain/bin/../lib/gcc/avr/5.4.0/avrxmega3\libgcc.a(_epilogue.o)
 .text.libgcc.builtins
                0x00000000        0x0 c:/program files (x86)/atmel studio/7.0/toolchain/avr8/avr8-gnu-toolchain/bin/../lib/gcc/avr/5.4.0/avrxmega3\libgcc.a(_epilogue.o)
 .text.libgcc.fmul
                0x00000000        0x0 c:/program files (x86)/atmel studio/7.0/toolchain/avr8/avr8-gnu-toolchain/bin/../lib/gcc/avr/5.4.0/avrxmega3\libgcc.a(_epilogue.o)
 .text.libgcc.fixed
                0x00000000        0x0 c:/program files (x86)/atmel studio/7.0/toolchain/avr8/avr8-gnu-toolchain/bin/../lib/gcc/avr/5.4.0/avrxmega3\libgcc.a(_epilogue.o)

Memory Configuration

Name             Origin             Length             Attributes
text             0x00000000         0x00004000         xr
data             0x00803800         0x00000800         rw !x
eeprom           0x00810000         0x00000100         rw !x
fuse             0x00820000         0x0000000a         rw !x
lock             0x00830000         0x00000400         rw !x
signature        0x00840000         0x00000400         rw !x
user_signatures  0x00850000         0x00000400         rw !x
*default*        0x00000000         0xffffffff

Linker script and memory map

Address of section .data set to 0x803800
                0x00008000                __RODATA_PM_OFFSET__ = 0x8000
LOAD C:/Program Files (x86)/Atmel Studio/7.0/Packs/Atmel/ATtiny_DFP/1.4.310/gcc/dev/attiny1626/avrxmega3/crtattiny1626.o
LOAD HelperFunctions.o
LOAD Time.o
LOAD TickTag.o
LOAD EEPROM_CAT24M01.o
LOAD GPS_L70_Light.o
LOAD I2C.o
LOAD main.o
LOAD TestFunctions.o
LOAD UART.o
START GROUP
LOAD c:/program files (x86)/atmel studio/7.0/toolchain/avr8/avr8-gnu-toolchain/bin/../lib/gcc/avr/5.4.0/../../../../avr/lib/avrxmega3\libm.a
END GROUP
LOAD c:/program files (x86)/atmel studio/7.0/toolchain/avr8/avr8-gnu-toolchain/bin/../lib/gcc/avr/5.4.0/avrxmega3\libgcc.a
LOAD c:/program files (x86)/atmel studio/7.0/toolchain/avr8/avr8-gnu-toolchain/bin/../lib/gcc/avr/5.4.0/../../../../avr/lib/avrxmega3\libm.a
START GROUP
LOAD c:/program files (x86)/atmel studio/7.0/toolchain/avr8/avr8-gnu-toolchain/bin/../lib/gcc/avr/5.4.0/avrxmega3\libgcc.a
LOAD c:/program files (x86)/atmel studio/7.0/toolchain/avr8/avr8-gnu-toolchain/bin/../lib/gcc/avr/5.4.0/../../../../avr/lib/avrxmega3\libm.a
LOAD c:/program files (x86)/atmel studio/7.0/toolchain/avr8/avr8-gnu-toolchain/bin/../lib/gcc/avr/5.4.0/../../../../avr/lib/avrxmega3\libc.a
LOAD C:/Program Files (x86)/Atmel Studio/7.0/Packs/Atmel/ATtiny_DFP/1.4.310/gcc/dev/attiny1626/avrxmega3\libattiny1626.a
END GROUP
                [0x00000000]                __TEXT_REGION_ORIGIN__ = DEFINED (__TEXT_REGION_ORIGIN__)?__TEXT_REGION_ORIGIN__:0x0
                [0x00803800]                __DATA_REGION_ORIGIN__ = DEFINED (__DATA_REGION_ORIGIN__)?__DATA_REGION_ORIGIN__:0x802000
                [0x00004000]                __TEXT_REGION_LENGTH__ = DEFINED (__TEXT_REGION_LENGTH__)?__TEXT_REGION_LENGTH__:0x100000
                [0x00000800]                __DATA_REGION_LENGTH__ = DEFINED (__DATA_REGION_LENGTH__)?__DATA_REGION_LENGTH__:0xffa0
                [0x00000100]                __EEPROM_REGION_LENGTH__ = DEFINED (__EEPROM_REGION_LENGTH__)?__EEPROM_REGION_LENGTH__:0x10000
                [0x0000000a]                __FUSE_REGION_LENGTH__ = DEFINED (__FUSE_REGION_LENGTH__)?__FUSE_REGION_LENGTH__:0x400
                0x00000400                __LOCK_REGION_LENGTH__ = DEFINED (__LOCK_REGION_LENGTH__)?__LOCK_REGION_LENGTH__:0x400
                0x00000400                __SIGNATURE_REGION_LENGTH__ = DEFINED (__SIGNATURE_REGION_LENGTH__)?__SIGNATURE_REGION_LENGTH__:0x400
                0x00000400                __USER_SIGNATURE_REGION_LENGTH__ = DEFINED (__USER_SIGNATURE_REGION_LENGTH__)?__USER_SIGNATURE_REGION_LENGTH__:0x400
                0x00008000                __RODATA_PM_OFFSET__ = DEFINED (__RODATA_PM_OFFSET__)?__RODATA_PM_OFFSET__:0x8000

.hash
 *(.hash)

.dynsym
 *(.dynsym)

.dynstr
 *(.dynstr)

.gnu.version
 *(.gnu.version)

.gnu.version_d
 *(.gnu.version_d)

.gnu.version_r
 *(.gnu.version_r)

.rel.init
 *(.rel.init)

.rela.init
 *(.rela.init)

.rel.text
 *(.rel.text)
 *(.rel.text.*)
 *(.rel.gnu.linkonce.t*)

.rela.text
 *(.rela.text)
 *(.rela.text.*)
 *(.rela.gnu.linkonce.t*)

.rel.fini
 *(.rel.fini)

.rela.fini
 *(.rela.fini)

.rel.rodata
 *(.rel.rodata)
 *(.rel.rodata.*)
 *(.rel.gnu.linkonce.r*)

.rela.rodata
 *(.rela.rodata)
 *(.rela.rodata.*)
 *(.rela.gnu.linkonce.r*)

.rel.data
 *(.rel.data)
 *(.rel.data.*)
 *(.rel.gnu.linkonce.d*)

.rela.data
 *(.rela.data)
 *(.rela.data.*)
 *(.rela.gnu.linkonce.d*)

.rel.ctors
 *(.rel.ctors)

.rela.ctors
 *(.rela.ctors)

.rel.dtors
 *(.rel.dtors)

.rela.dtors
 *(.rela.dtors)

.rel.got
 *(.rel.got)

.rela.got
 *(.rela.got)

.rel.bss
 *(.rel.bss)

.rela.bss
 *(.rela.bss)

.rel.plt
 *(.rel.plt)

.rela.plt
 *(.rela.plt)

.text           0x00000000     0x39e6
 *(.vectors)
 .vectors       0x00000000       0x78 C:/Program Files (x86)/Atmel Studio/7.0/Packs/Atmel/ATtiny_DFP/1.4.310/gcc/dev/attiny1626/avrxmega3/crtattiny1626.o
                0x00000000                __vector_default
                0x00000000                __vectors
 *(.vectors)
 *(.progmem.gcc*)
                0x00000078                . = ALIGN (0x2)
                0x00000078                __trampolines_start = .
 *(.trampolines)
 .trampolines   0x00000078        0x0 linker stubs
 *(.trampolines*)
                0x00000078                __trampolines_end = .
 *libprintf_flt.a:*(.progmem.data)
 *libc.a:*(.progmem.data)
 *(.progmem*)
                0x00000078                . = ALIGN (0x2)
 *(.jumptables)
 *(.jumptables*)
 *(.lowtext)
 *(.lowtext*)
                0x00000078                __ctors_start = .
 *(.ctors)
                0x00000078                __ctors_end = .
                0x00000078                __dtors_start = .
 *(.dtors)
                0x00000078                __dtors_end = .
 SORT(*)(.ctors)
 SORT(*)(.dtors)
 *(.init0)
 .init0         0x00000078        0x0 C:/Program Files (x86)/Atmel Studio/7.0/Packs/Atmel/ATtiny_DFP/1.4.310/gcc/dev/attiny1626/avrxmega3/crtattiny1626.o
                0x00000078                __init
 *(.init0)
 *(.init1)
 *(.init1)
 *(.init2)
 .init2         0x00000078        0xc C:/Program Files (x86)/Atmel Studio/7.0/Packs/Atmel/ATtiny_DFP/1.4.310/gcc/dev/attiny1626/avrxmega3/crtattiny1626.o
 *(.init2)
 *(.init3)
 *(.init3)
 *(.init4)
 .init4         0x00000084       0x16 c:/program files (x86)/atmel studio/7.0/toolchain/avr8/avr8-gnu-toolchain/bin/../lib/gcc/avr/5.4.0/avrxmega3\libgcc.a(_copy_data.o)
                0x00000084                __do_copy_data
 .init4         0x0000009a       0x10 c:/program files (x86)/atmel studio/7.0/toolchain/avr8/avr8-gnu-toolchain/bin/../lib/gcc/avr/5.4.0/avrxmega3\libgcc.a(_clear_bss.o)
                0x0000009a                __do_clear_bss
 *(.init4)
 *(.init5)
 *(.init5)
 *(.init6)
 *(.init6)
 *(.init7)
 *(.init7)
 *(.init8)
 *(.init8)
 *(.init9)
 .init9         0x000000aa        0x8 C:/Program Files (x86)/Atmel Studio/7.0/Packs/Atmel/ATtiny_DFP/1.4.310/gcc/dev/attiny1626/avrxmega3/crtattiny1626.o
 *(.init9)
 *(.text)
 .text          0x000000b2        0x4 C:/Program Files (x86)/Atmel Studio/7.0/Packs/Atmel/ATtiny_DFP/1.4.310/gcc/dev/attiny1626/avrxmega3/crtattiny1626.o
                0x000000b2                __vector_22
                0x000000b2                __vector_28
                0x000000b2                __vector_1
                0x000000b2                __vector_12
                0x000000b2                __bad_interrupt
                0x000000b2                __vector_23
                0x000000b2                __vector_25
                0x000000b2                __vector_11
                0x000000b2                __vector_13
                0x000000b2                __vector_17
                0x000000b2                __vector_19
                0x000000b2                __vector_7
                0x000000b2                __vector_27
                0x000000b2                __vector_5
                0x000000b2                __vector_4
                0x000000b2                __vector_9
                0x000000b2                __vector_2
                0x000000b2                __vector_21
                0x000000b2                __vector_15
                0x000000b2                __vector_29
                0x000000b2                __vector_26
                0x000000b2                __vector_14
                0x000000b2                __vector_10
                0x000000b2                __vector_16
                0x000000b2                __vector_18
                0x000000b2                __vector_20
                0x000000b6                . = ALIGN (0x2)
 *(.text.*)
 .text._Z13arrayToUint32Ph
                0x000000b6       0x24 HelperFunctions.o
                0x000000b6                _Z13arrayToUint32Ph
 .text._Z14deviceInitPinsv
                0x000000da       0x1a TickTag.o
                0x000000da                _Z14deviceInitPinsv
 .text._Z38deviceInitGPIO2PinInterruptInDeepSleepv
                0x000000f4       0x10 TickTag.o
                0x000000f4                _Z38deviceInitGPIO2PinInterruptInDeepSleepv
 .text._Z44deviceDeactivateGPIO2PinInterruptInDeepSleepv
                0x00000104        0xe TickTag.o
                0x00000104                _Z44deviceDeactivateGPIO2PinInterruptInDeepSleepv
 .text._Z41deviceInitDownloadPinInterruptInDeepSleepv
                0x00000112        0xc TickTag.o
                0x00000112                _Z41deviceInitDownloadPinInterruptInDeepSleepv
 .text._Z20deviceIncrementTimerv
                0x0000011e       0x28 TickTag.o
                0x0000011e                _Z20deviceIncrementTimerv
 .text._Z15deviceInitTimerv
                0x00000146       0x28 TickTag.o
                0x00000146                _Z15deviceInitTimerv
 .text._Z15deviceGetMillisv
                0x0000016e       0x18 TickTag.o
                0x0000016e                _Z15deviceGetMillisv
 .text._Z15deviceStopTimerv
                0x00000186        0xe TickTag.o
                0x00000186                _Z15deviceStopTimerv
 .text._Z16deviceL70powerOnv
                0x00000194        0x8 TickTag.o
                0x00000194                _Z16deviceL70powerOnv
 .text._Z17deviceL70powerOffv
                0x0000019c        0x8 TickTag.o
                0x0000019c                _Z17deviceL70powerOffv
 .text._Z17deviceL70backupOnv
                0x000001a4        0x8 TickTag.o
                0x000001a4                _Z17deviceL70backupOnv
 .text._Z18deviceL70backupOffv
                0x000001ac        0x8 TickTag.o
                0x000001ac                _Z18deviceL70backupOffv
 .text._Z26devicePowerMemoryAndI2COffv
                0x000001b4        0x8 TickTag.o
                0x000001b4                _Z26devicePowerMemoryAndI2COffv
 .text._Z25devicePowerMemoryAndI2COnv
                0x000001bc       0x14 TickTag.o
                0x000001bc                _Z25devicePowerMemoryAndI2COnv
 .text._Z18deviceStandbySleepv
                0x000001d0       0x22 TickTag.o
                0x000001d0                _Z18deviceStandbySleepv
 .text._Z30deviceInitInternalRTCInterruptj
                0x000001f2       0x40 TickTag.o
                0x000001f2                _Z30deviceInitInternalRTCInterruptj
 .text._Z23deviceReadSupplyVoltagev
                0x00000232       0x5a TickTag.o
                0x00000232                _Z23deviceReadSupplyVoltagev
 .text._Z17deviceSetCPUSpeedh
                0x0000028c       0x20 TickTag.o
                0x0000028c                _Z17deviceSetCPUSpeedh
 .text._Z11deviceLedOnv
                0x000002ac        0x8 TickTag.o
                0x000002ac                _Z11deviceLedOnv
 .text._Z12deviceLedOffv
                0x000002b4        0x8 TickTag.o
                0x000002b4                _Z12deviceLedOffv
 .text._Z11deviceBlinkh
                0x000002bc       0x30 TickTag.o
                0x000002bc                _Z11deviceBlinkh
 .text._Z16eepromReadMemorymPhm
                0x000002ec       0xfa EEPROM_CAT24M01.o
                0x000002ec                _Z16eepromReadMemorymPhm
 .text._Z17eepromBusyWritingv
                0x000003e6       0x38 EEPROM_CAT24M01.o
                0x000003e6                _Z17eepromBusyWritingv
 .text._Z17eepromWriteMemorymPhm
                0x0000041e      0x1e2 EEPROM_CAT24M01.o
                0x0000041e                _Z17eepromWriteMemorymPhm
 .text._Z25gpsConvertTwoDigit2NumberPc
                0x00000600       0x1a GPS_L70_Light.o
                0x00000600                _Z25gpsConvertTwoDigit2NumberPc
 .text._Z17gpsRemoveAllCharsPcc
                0x0000061a       0x28 GPS_L70_Light.o
                0x0000061a                _Z17gpsRemoveAllCharsPcc
 .text._Z15gpsParseLatLongPc
                0x00000642       0x88 GPS_L70_Light.o
                0x00000642                _Z15gpsParseLatLongPc
 .text._Z18gpsGetUTCTimestampP5gps_t
                0x000006ca      0x442 GPS_L70_Light.o
                0x000006ca                _Z18gpsGetUTCTimestampP5gps_t
 .text._Z25gpsDecodeGPRMCandGPGGANewPcP5gps_th
                0x00000b0c      0x346 GPS_L70_Light.o
                0x00000b0c                _Z25gpsDecodeGPRMCandGPGGANewPcP5gps_th
 .text._Z23gpsConfigureBeforeStartPc
                0x00000e52       0xf4 GPS_L70_Light.o
                0x00000e52                _Z23gpsConfigureBeforeStartPc
 .text._Z7i2cInitv
                0x00000f46       0x1e I2C.o
                0x00000f46                _Z7i2cInitv
 .text._Z7pollRIFv
                0x00000f64       0x22 I2C.o
                0x00000f64                _Z7pollRIFv
 .text._Z7pollWIFv
                0x00000f86       0x22 I2C.o
                0x00000f86                _Z7pollWIFv
 .text._Z12i2cStartReadh
                0x00000fa8       0x24 I2C.o
                0x00000fa8                _Z12i2cStartReadh
 .text._Z13i2cStartWriteh
                0x00000fcc       0x22 I2C.o
                0x00000fcc                _Z13i2cStartWriteh
 .text._Z7i2cReadb
                0x00000fee       0x40 I2C.o
                0x00000fee                _Z7i2cReadb
 .text._Z8i2cWriteh
                0x0000102e       0x3c I2C.o
                0x0000102e                _Z8i2cWriteh
 .text._Z7i2cStopv
                0x0000106a       0x12 I2C.o
                0x0000106a                _Z7i2cStopv
 .text.__vector_6
                0x0000107c       0x30 main.o
                0x0000107c                __vector_6
 .text.__vector_3
                0x000010ac       0x22 main.o
                0x000010ac                __vector_3
 .text.__vector_8
                0x000010ce       0x4e main.o
                0x000010ce                __vector_8
 .text.__vector_24
                0x0000111c       0x30 main.o
                0x0000111c                __vector_24
 .text._Z4waitj
                0x0000114c        0xe main.o
                0x0000114c                _Z4waitj
 .text._Z14voltageNotOkayv
                0x0000115a       0x26 main.o
                0x0000115a                _Z14voltageNotOkayv
 .text._Z11isNightTimev
                0x00001180       0xf0 main.o
                0x00001180                _Z11isNightTimev
 .text._Z36getOperationVoltageMinFromTinyEEPROMv
                0x00001270       0x38 main.o
                0x00001270                _Z36getOperationVoltageMinFromTinyEEPROMv
 .text._Z29getGPSFrequencyFromTinyEEPROMv
                0x000012a8       0x36 main.o
                0x000012a8                _Z29getGPSFrequencyFromTinyEEPROMv
 .text._Z24getMinHDOPFromTinyEEPROMv
                0x000012de       0x14 main.o
                0x000012de                _Z24getMinHDOPFromTinyEEPROMv
 .text._Z32getActivationDelayFromTinyEEPROMv
                0x000012f2       0x36 main.o
                0x000012f2                _Z32getActivationDelayFromTinyEEPROMv
 .text._Z27getTurnOnHourFromTinyEEPROMv
                0x00001328       0x10 main.o
                0x00001328                _Z27getTurnOnHourFromTinyEEPROMv
 .text._Z29getTurnOnMinuteFromTinyEEPROMv
                0x00001338       0x10 main.o
                0x00001338                _Z29getTurnOnMinuteFromTinyEEPROMv
 .text._Z28getTurnOffHourFromTinyEEPROMv
                0x00001348       0x10 main.o
                0x00001348                _Z28getTurnOffHourFromTinyEEPROMv
 .text._Z30getTurnOffMinuteFromTinyEEPROMv
                0x00001358       0x10 main.o
                0x00001358                _Z30getTurnOffMinuteFromTinyEEPROMv
 .text._Z10readMemoryv
                0x00001368      0x4b6 main.o
                0x00001368                _Z10readMemoryv
 .text._Z15readMemoryFancyv
                0x0000181e       0x3a main.o
                0x0000181e                _Z15readMemoryFancyv
 .text._Z10startMenuev
                0x00001858      0x908 main.o
                0x00001858                _Z10startMenuev
 .text._Z32downloadButtonPressedFor3Secondsv
                0x00002160       0x40 main.o
                0x00002160                _Z32downloadButtonPressedFor3Secondsv
 .text._Z13storeInMemoryP5gps_tb
                0x000021a0      0x320 main.o
                0x000021a0                _Z13storeInMemoryP5gps_tb
 .text._Z14trackingMergedv
                0x000024c0      0x7c2 main.o
                0x000024c0                _Z14trackingMergedv
 .text.main     0x00002c82      0x348 main.o
                0x00002c82                main
 .text._ZL17usePrintfFunctioncP6__file
                0x00002fca       0x14 UART.o
 .text._Z23initPrimaryUARTwith9600v
                0x00002fde       0x38 UART.o
                0x00002fde                _Z23initPrimaryUARTwith9600v
 .text._Z22initSecondUARTwith9600v
                0x00003016       0x3e UART.o
                0x00003016                _Z22initSecondUARTwith9600v
 .text._Z9uartFlushv
                0x00003054       0x1a UART.o
                0x00003054                _Z9uartFlushv
 .text._Z20deinitSecondUartPinsv
                0x0000306e       0x18 UART.o
                0x0000306e                _Z20deinitSecondUartPinsv
 .text._Z7uartOffv
                0x00003086       0x1e UART.o
                0x00003086                _Z7uartOffv
 .text._Z8uartReadcPchj
                0x000030a4       0x84 UART.o
                0x000030a4                _Z8uartReadcPchj
 .text._Z21uartReadMultipleLineshcPchj
                0x00003128       0x92 UART.o
                0x00003128                _Z21uartReadMultipleLineshcPchj
 .text._Z9usePrintfv
                0x000031ba       0x22 UART.o
                0x000031ba                _Z9usePrintfv
 .text.libgcc.mul
                0x000031dc       0x20 c:/program files (x86)/atmel studio/7.0/toolchain/avr8/avr8-gnu-toolchain/bin/../lib/gcc/avr/5.4.0/avrxmega3\libgcc.a(_mulsi3.o)
                0x000031dc                __mulsi3
 .text.libgcc.div
                0x000031fc       0x44 c:/program files (x86)/atmel studio/7.0/toolchain/avr8/avr8-gnu-toolchain/bin/../lib/gcc/avr/5.4.0/avrxmega3\libgcc.a(_udivmodsi4.o)
                0x000031fc                __udivmodsi4
 .text.libgcc.div
                0x00003240       0x2e c:/program files (x86)/atmel studio/7.0/toolchain/avr8/avr8-gnu-toolchain/bin/../lib/gcc/avr/5.4.0/avrxmega3\libgcc.a(_divmodsi4.o)
                0x00003240                __divmodsi4
 .text.libgcc.div
                0x0000326e       0x10 c:/program files (x86)/atmel studio/7.0/toolchain/avr8/avr8-gnu-toolchain/bin/../lib/gcc/avr/5.4.0/avrxmega3\libgcc.a(_negsi2.o)
                0x0000326e                __negsi2
 .text.libgcc.mul
                0x0000327e       0x1e c:/program files (x86)/atmel studio/7.0/toolchain/avr8/avr8-gnu-toolchain/bin/../lib/gcc/avr/5.4.0/avrxmega3\libgcc.a(_umulhisi3.o)
                0x0000327e                __umulhisi3
 .text.libgcc.mul
                0x0000329c       0x16 c:/program files (x86)/atmel studio/7.0/toolchain/avr8/avr8-gnu-toolchain/bin/../lib/gcc/avr/5.4.0/avrxmega3\libgcc.a(_muluhisi3.o)
                0x0000329c                __muluhisi3
 .text.avr-libc
                0x000032b2       0x3c c:/program files (x86)/atmel studio/7.0/toolchain/avr8/avr8-gnu-toolchain/bin/../lib/gcc/avr/5.4.0/../../../../avr/lib/avrxmega3\libc.a(atoi.o)
                0x000032b2                atoi
 .text.avr-libc
                0x000032ee       0x4e c:/program files (x86)/atmel studio/7.0/toolchain/avr8/avr8-gnu-toolchain/bin/../lib/gcc/avr/5.4.0/../../../../avr/lib/avrxmega3\libc.a(atol.o)
                0x000032ee                atol
 .text.avr-libc
                0x0000333c        0xe c:/program files (x86)/atmel studio/7.0/toolchain/avr8/avr8-gnu-toolchain/bin/../lib/gcc/avr/5.4.0/../../../../avr/lib/avrxmega3\libc.a(memset.o)
                0x0000333c                memset
 .text.avr-libc
                0x0000334a       0x16 c:/program files (x86)/atmel studio/7.0/toolchain/avr8/avr8-gnu-toolchain/bin/../lib/gcc/avr/5.4.0/../../../../avr/lib/avrxmega3\libc.a(strchr.o)
                0x0000334a                strchr
 .text.avr-libc
                0x00003360       0x2a c:/program files (x86)/atmel studio/7.0/toolchain/avr8/avr8-gnu-toolchain/bin/../lib/gcc/avr/5.4.0/../../../../avr/lib/avrxmega3\libc.a(mulsi10.o)
                0x00003360                __mulsi_const_10
 .text.avr-libc
                0x0000338a       0x10 c:/program files (x86)/atmel studio/7.0/toolchain/avr8/avr8-gnu-toolchain/bin/../lib/gcc/avr/5.4.0/../../../../avr/lib/avrxmega3\libc.a(mul10.o)
                0x0000338a                __mulhi_const_10
 .text.avr-libc
                0x0000339a       0x2c c:/program files (x86)/atmel studio/7.0/toolchain/avr8/avr8-gnu-toolchain/bin/../lib/gcc/avr/5.4.0/../../../../avr/lib/avrxmega3\libc.a(printf.o)
                0x0000339a                printf
 .text.avr-libc
                0x000033c6       0x60 c:/program files (x86)/atmel studio/7.0/toolchain/avr8/avr8-gnu-toolchain/bin/../lib/gcc/avr/5.4.0/../../../../avr/lib/avrxmega3\libc.a(puts.o)
                0x000033c6                puts
 .text.avr-libc
                0x00003426      0x3c2 c:/program files (x86)/atmel studio/7.0/toolchain/avr8/avr8-gnu-toolchain/bin/../lib/gcc/avr/5.4.0/../../../../avr/lib/avrxmega3\libc.a(vfprintf_std.o)
                0x00003426                vfprintf
 .text.avr-libc
                0x000037e8       0x16 c:/program files (x86)/atmel studio/7.0/toolchain/avr8/avr8-gnu-toolchain/bin/../lib/gcc/avr/5.4.0/../../../../avr/lib/avrxmega3\libc.a(strnlen_P.o)
                0x000037e8                strnlen_P
 .text.avr-libc
                0x000037fe       0x16 c:/program files (x86)/atmel studio/7.0/toolchain/avr8/avr8-gnu-toolchain/bin/../lib/gcc/avr/5.4.0/../../../../avr/lib/avrxmega3\libc.a(strnlen.o)
                0x000037fe                strnlen
 .text.avr-libc
                0x00003814       0x78 c:/program files (x86)/atmel studio/7.0/toolchain/avr8/avr8-gnu-toolchain/bin/../lib/gcc/avr/5.4.0/../../../../avr/lib/avrxmega3\libc.a(fputc.o)
                0x00003814                fputc
 .text.avr-libc
                0x0000388c       0xbc c:/program files (x86)/atmel studio/7.0/toolchain/avr8/avr8-gnu-toolchain/bin/../lib/gcc/avr/5.4.0/../../../../avr/lib/avrxmega3\libc.a(ultoa_invert.o)
                0x0000388c                __ultoa_invert
 .text.avr-libc
                0x00003948       0x10 C:/Program Files (x86)/Atmel Studio/7.0/Packs/Atmel/ATtiny_DFP/1.4.310/gcc/dev/attiny1626/avrxmega3\libattiny1626.a(eerd_byte.o)
                0x00003948                eeprom_read_byte
                0x00003950                eeprom_mapen
 .text.avr-libc
                0x00003958       0x28 C:/Program Files (x86)/Atmel Studio/7.0/Packs/Atmel/ATtiny_DFP/1.4.310/gcc/dev/attiny1626/avrxmega3\libattiny1626.a(eewr_byte.o)
                0x00003958                eeprom_write_byte
                0x0000395a                eeprom_write_r18
 .text.libgcc.prologue
                0x00003980       0x32 c:/program files (x86)/atmel studio/7.0/toolchain/avr8/avr8-gnu-toolchain/bin/../lib/gcc/avr/5.4.0/avrxmega3\libgcc.a(_prologue.o)
                0x00003980                __prologue_saves__
 .text.libgcc.prologue
                0x000039b2       0x30 c:/program files (x86)/atmel studio/7.0/toolchain/avr8/avr8-gnu-toolchain/bin/../lib/gcc/avr/5.4.0/avrxmega3\libgcc.a(_epilogue.o)
                0x000039b2                __epilogue_restores__
                0x000039e2                . = ALIGN (0x2)
 *(.fini9)
 .fini9         0x000039e2        0x0 c:/program files (x86)/atmel studio/7.0/toolchain/avr8/avr8-gnu-toolchain/bin/../lib/gcc/avr/5.4.0/avrxmega3\libgcc.a(_exit.o)
                0x000039e2                _exit
                0x000039e2                exit
 *(.fini9)
 *(.fini8)
 *(.fini8)
 *(.fini7)
 *(.fini7)
 *(.fini6)
 *(.fini6)
 *(.fini5)
 *(.fini5)
 *(.fini4)
 *(.fini4)
 *(.fini3)
 *(.fini3)
 *(.fini2)
 *(.fini2)
 *(.fini1)
 *(.fini1)
 *(.fini0)
 .fini0         0x000039e2        0x4 c:/program files (x86)/atmel studio/7.0/toolchain/avr8/avr8-gnu-toolchain/bin/../lib/gcc/avr/5.4.0/avrxmega3\libgcc.a(_exit.o)
 *(.fini0)
                0x000039e6                _etext = .

.rodata         0x0000b9e6      0x4c7 load address 0x000039e6
 *(.rodata)
 *(.rodata*)
 .rodata.str1.1
                0x0000b9e6       0xb0 GPS_L70_Light.o
 .rodata.str1.1
                0x0000ba96      0x417 main.o
 *(.gnu.linkonce.r*)

.data           0x00803800        0xa load address 0x00003ead
                0x00803800                PROVIDE (__data_start, .)
 *(.data)
 *(.data*)
 .data.commandGPGGAandGPRMCEverySecond
                0x00803800        0x2 GPS_L70_Light.o
                0x00803800                commandGPGGAandGPRMCEverySecond
 .data.eepromSettingActivationDelaySeconds
                0x00803802        0x2 main.o
                0x00803802                eepromSettingActivationDelaySeconds
 .data.eepromSettingMinHDOP
                0x00803804        0x1 main.o
                0x00803804                eepromSettingMinHDOP
 .data.eepromSettingGPSFrequencySeconds
                0x00803805        0x2 main.o
                0x00803805                eepromSettingGPSFrequencySeconds
 .data.eepromSettingMinVoltage
                0x00803807        0x2 main.o
                0x00803807                eepromSettingMinVoltage
 .data.blinkDuringFirstFix
                0x00803809        0x1 main.o
                0x00803809                blinkDuringFirstFix
 *(.gnu.linkonce.d*)
                0x0080380a                . = ALIGN (0x2)
                0x0080380a                _edata = .
                0x0080380a                PROVIDE (__data_end, .)

.bss            0x0080380a       0x3b
                0x0080380a                PROVIDE (__bss_start, .)
 *(.bss)
 *(.bss*)
 .bss._ZL13millisElapsed
                0x0080380a        0x4 TickTag.o
 .bss.geofenceLon
                0x0080380e        0x4 main.o
                0x0080380e                geofenceLon
 .bss.geofenceLat
                0x00803812        0x4 main.o
                0x00803812                geofenceLat
 .bss.activated
                0x00803816        0x1 main.o
                0x00803816                activated
 .bss.timestampEstimation
                0x00803817        0x4 main.o
                0x00803817                timestampEstimation
 .bss.rtcInterrupt
                0x0080381b        0x1 main.o
                0x0080381b                rtcInterrupt
 .bss.gpio2Interrupt
                0x0080381c        0x1 main.o
                0x0080381c                gpio2Interrupt
 .bss.downloadInterrupt
                0x0080381d        0x1 main.o
                0x0080381d                downloadInterrupt
 .bss.eepromSettingBurstDuration
                0x0080381e        0x1 main.o
                0x0080381e                eepromSettingBurstDuration
 .bss.eepromSettingBlink
                0x0080381f        0x1 main.o
                0x0080381f                eepromSettingBlink
 .bss.eepromSettingGeofencing
                0x00803820        0x1 main.o
                0x00803820                eepromSettingGeofencing
 .bss.eepromSettingTurnOffMinute
                0x00803821        0x1 main.o
                0x00803821                eepromSettingTurnOffMinute
 .bss.eepromSettingTurnOffHour
                0x00803822        0x1 main.o
                0x00803822                eepromSettingTurnOffHour
 .bss.eepromSettingTurnOnMinute
                0x00803823        0x1 main.o
                0x00803823                eepromSettingTurnOnMinute
 .bss.eepromSettingTurnOnHour
                0x00803824        0x1 main.o
                0x00803824                eepromSettingTurnOnHour
 .bss.noFixInSessionYet
                0x00803825        0x1 main.o
                0x00803825                noFixInSessionYet
 .bss.firstTTFinSession
                0x00803826        0x2 main.o
                0x00803826                firstTTFinSession
 .bss.errorCounter
                0x00803828        0x2 main.o
                0x00803828                errorCounter
 .bss.undervoltageUnderLoadCounter
                0x0080382a        0x2 main.o
                0x0080382a                undervoltageUnderLoadCounter
 .bss.timeoutNotEvenTimeCounter
                0x0080382c        0x1 main.o
                0x0080382c                timeoutNotEvenTimeCounter
 .bss.timeoutCounter
                0x0080382d        0x1 main.o
                0x0080382d                timeoutCounter
 .bss.batteryVoltage
                0x0080382e        0x2 main.o
                0x0080382e                batteryVoltage
 .bss.state     0x00803830        0x1 main.o
                0x00803830                state
 .bss._ZZ9usePrintfvE8mystdout
                0x00803831        0xe UART.o
 *(COMMON)
 COMMON         0x0080383f        0x6 c:/program files (x86)/atmel studio/7.0/toolchain/avr8/avr8-gnu-toolchain/bin/../lib/gcc/avr/5.4.0/../../../../avr/lib/avrxmega3\libc.a(iob.o)
                0x0080383f                __iob
                0x00803845                PROVIDE (__bss_end, .)
                0x00003ead                __data_load_start = LOADADDR (.data)
                0x00003eb7                __data_load_end = (__data_load_start + SIZEOF (.data))

.noinit         0x00803845        0x0
                [!provide]                PROVIDE (__noinit_start, .)
 *(.noinit*)
                [!provide]                PROVIDE (__noinit_end, .)
                0x00803845                _end = .
                [!provide]                PROVIDE (__heap_start, .)

.eeprom         0x00810000        0x0
 *(.eeprom*)
                0x00810000                __eeprom_end = .

.fuse
 *(.fuse)
 *(.lfuse)
 *(.hfuse)
 *(.efuse)

.lock
 *(.lock*)

.signature
 *(.signature*)

.user_signatures
 *(.user_signatures*)

.stab
 *(.stab)

.stabstr
 *(.stabstr)

.stab.excl
 *(.stab.excl)

.stab.exclstr
 *(.stab.exclstr)

.stab.index
 *(.stab.index)

.stab.indexstr
 *(.stab.indexstr)

.comment        0x00000000       0x5c
 *(.comment)
 .comment       0x00000000       0x30 HelperFunctions.o
                                 0x31 (size before relaxing)
 .comment       0x00000030       0x31 TickTag.o
 .comment       0x00000030       0x31 EEPROM_CAT24M01.o
 .comment       0x00000030       0x31 GPS_L70_Light.o
 .comment       0x00000030       0x31 I2C.o
 .comment       0x00000030       0x31 main.o
 .comment       0x00000030       0x31 UART.o
 .comment       0x00000030       0x31 c:/program files (x86)/atmel studio/7.0/toolchain/avr8/avr8-gnu-toolchain/bin/../lib/gcc/avr/5.4.0/../../../../avr/lib/avrxmega3\libc.a(iob.o)
 .comment       0x00000030       0x31 c:/program files (x86)/atmel studio/7.0/toolchain/avr8/avr8-gnu-toolchain/bin/../lib/gcc/avr/5.4.0/../../../../avr/lib/avrxmega3\libc.a(printf.o)
 .comment       0x00000030       0x31 c:/program files (x86)/atmel studio/7.0/toolchain/avr8/avr8-gnu-toolchain/bin/../lib/gcc/avr/5.4.0/../../../../avr/lib/avrxmega3\libc.a(puts.o)
 .comment       0x00000030       0x2c c:/program files (x86)/atmel studio/7.0/toolchain/avr8/avr8-gnu-toolchain/bin/../lib/gcc/avr/5.4.0/../../../../avr/lib/avrxmega3\libc.a(vfprintf_std.o)
                                 0x2d (size before relaxing)
 .comment       0x0000005c       0x31 c:/program files (x86)/atmel studio/7.0/toolchain/avr8/avr8-gnu-toolchain/bin/../lib/gcc/avr/5.4.0/../../../../avr/lib/avrxmega3\libc.a(fputc.o)

.note.gnu.avr.deviceinfo
                0x00000000       0x40
 .note.gnu.avr.deviceinfo
                0x00000000       0x40 C:/Program Files (x86)/Atmel Studio/7.0/Packs/Atmel/ATtiny_DFP/1.4.310/gcc/dev/attiny1626/avrxmega3/crtattiny1626.o

.note.gnu.build-id
 *(.note.gnu.build-id)

.debug
 *(.debug)

.line
 *(.line)

.debug_srcinfo
 *(.debug_srcinfo)

.debug_sfnames
 *(.debug_sfnames)

.debug_aranges  0x00000000      0x398
 *(.debug_aranges)
 .debug_aranges
                0x00000000       0x30 HelperFunctions.o
 .debug_aranges
                0x00000030       0xe0 TickTag.o
 .debug_aranges
                0x00000110       0x40 EEPROM_CAT24M01.o
 .debug_aranges
                0x00000150       0x58 GPS_L70_Light.o
 .debug_aranges
                0x000001a8       0x58 I2C.o
 .debug_aranges
                0x00000200       0xd0 main.o
 .debug_aranges
                0x000002d0       0x88 UART.o
 .debug_aranges
                0x00000358       0x20 C:/Program Files (x86)/Atmel Studio/7.0/Packs/Atmel/ATtiny_DFP/1.4.310/gcc/dev/attiny1626/avrxmega3\libattiny1626.a(eerd_byte.o)
 .debug_aranges
                0x00000378       0x20 C:/Program Files (x86)/Atmel Studio/7.0/Packs/Atmel/ATtiny_DFP/1.4.310/gcc/dev/attiny1626/avrxmega3\libattiny1626.a(eewr_byte.o)

.debug_pubnames
 *(.debug_pubnames)

.debug_info     0x00000000     0x8e73
 *(.debug_info .gnu.linkonce.wi.*)
 .debug_info    0x00000000     0x1c2f C:/Program Files (x86)/Atmel Studio/7.0/Packs/Atmel/ATtiny_DFP/1.4.310/gcc/dev/attiny1626/avrxmega3/crtattiny1626.o
 .debug_info    0x00001c2f      0x150 HelperFunctions.o
 .debug_info    0x00001d7f     0x1995 TickTag.o
 .debug_info    0x00003714      0x4bd EEPROM_CAT24M01.o
 .debug_info    0x00003bd1      0x839 GPS_L70_Light.o
 .debug_info    0x0000440a      0x4f5 I2C.o
 .debug_info    0x000048ff     0x3a82 main.o
 .debug_info    0x00008381      0x9b4 UART.o
 .debug_info    0x00008d35       0x9f C:/Program Files (x86)/Atmel Studio/7.0/Packs/Atmel/ATtiny_DFP/1.4.310/gcc/dev/attiny1626/avrxmega3\libattiny1626.a(eerd_byte.o)
 .debug_info    0x00008dd4       0x9f C:/Program Files (x86)/Atmel Studio/7.0/Packs/Atmel/ATtiny_DFP/1.4.310/gcc/dev/attiny1626/avrxmega3\libattiny1626.a(eewr_byte.o)

.debug_abbrev   0x00000000     0x2c73
 *(.debug_abbrev)
 .debug_abbrev  0x00000000     0x1ab0 C:/Program Files (x86)/Atmel Studio/7.0/Packs/Atmel/ATtiny_DFP/1.4.310/gcc/dev/attiny1626/avrxmega3/crtattiny1626.o
 .debug_abbrev  0x00001ab0       0x98 HelperFunctions.o
 .debug_abbrev  0x00001b48      0x33a TickTag.o
 .debug_abbrev  0x00001e82      0x1b7 EEPROM_CAT24M01.o
 .debug_abbrev  0x00002039      0x24d GPS_L70_Light.o
 .debug_abbrev  0x00002286      0x19d I2C.o
 .debug_abbrev  0x00002423      0x554 main.o
 .debug_abbrev  0x00002977      0x2d4 UART.o
 .debug_abbrev  0x00002c4b       0x14 C:/Program Files (x86)/Atmel Studio/7.0/Packs/Atmel/ATtiny_DFP/1.4.310/gcc/dev/attiny1626/avrxmega3\libattiny1626.a(eerd_byte.o)
 .debug_abbrev  0x00002c5f       0x14 C:/Program Files (x86)/Atmel Studio/7.0/Packs/Atmel/ATtiny_DFP/1.4.310/gcc/dev/attiny1626/avrxmega3\libattiny1626.a(eewr_byte.o)

.debug_line     0x00000000     0x3017
 *(.debug_line .debug_line.* .debug_line_end)
 .debug_line    0x00000000      0x14b C:/Program Files (x86)/Atmel Studio/7.0/Packs/Atmel/ATtiny_DFP/1.4.310/gcc/dev/attiny1626/avrxmega3/crtattiny1626.o
 .debug_line    0x0000014b       0xe8 HelperFunctions.o
 .debug_line    0x00000233      0x610 TickTag.o
 .debug_line    0x00000843      0x2ea EEPROM_CAT24M01.o
 .debug_line    0x00000b2d      0x717 GPS_L70_Light.o
 .debug_line    0x00001244      0x329 I2C.o
 .debug_line    0x0000156d     0x14bf main.o
 .debug_line    0x00002a2c      0x4b1 UART.o
 .debug_line    0x00002edd       0x79 C:/Program Files (x86)/Atmel Studio/7.0/Packs/Atmel/ATtiny_DFP/1.4.310/gcc/dev/attiny1626/avrxmega3\libattiny1626.a(eerd_byte.o)
 .debug_line    0x00002f56       0xc1 C:/Program Files (x86)/Atmel Studio/7.0/Packs/Atmel/ATtiny_DFP/1.4.310/gcc/dev/attiny1626/avrxmega3\libattiny1626.a(eewr_byte.o)

.debug_frame    0x00000000      0xae8
 *(.debug_frame)
 .debug_frame   0x00000000       0x44 HelperFunctions.o
 .debug_frame   0x00000044      0x1a4 TickTag.o
 .debug_frame   0x000001e8      0x144 EEPROM_CAT24M01.o
 .debug_frame   0x0000032c      0x1e0 GPS_L70_Light.o
 .debug_frame   0x0000050c       0x9c I2C.o
 .debug_frame   0x000005a8      0x3e8 main.o
 .debug_frame   0x00000990      0x158 UART.o

.debug_str      0x00000000     0x394b
 *(.debug_str)
 .debug_str     0x00000000      0xc8d C:/Program Files (x86)/Atmel Studio/7.0/Packs/Atmel/ATtiny_DFP/1.4.310/gcc/dev/attiny1626/avrxmega3/crtattiny1626.o
 .debug_str     0x00000c8d      0x206 HelperFunctions.o
                                0x24a (size before relaxing)
 .debug_str     0x00000e93     0x14b6 TickTag.o
                               0x16ce (size before relaxing)
 .debug_str     0x00002349      0x1dc EEPROM_CAT24M01.o
                                0x3e8 (size before relaxing)
 .debug_str     0x00002525      0x32e GPS_L70_Light.o
                                0x51c (size before relaxing)
 .debug_str     0x00002853      0x236 I2C.o
                                0x4ed (size before relaxing)
 .debug_str     0x00002a89      0xd2c main.o
                               0x1a8c (size before relaxing)
 .debug_str     0x000037b5      0x196 UART.o
                                0x605 (size before relaxing)

.debug_loc      0x00000000     0x3fc7
 *(.debug_loc)
 .debug_loc     0x00000000      0x256 HelperFunctions.o
 .debug_loc     0x00000256      0x2b7 TickTag.o
 .debug_loc     0x0000050d      0x819 EEPROM_CAT24M01.o
 .debug_loc     0x00000d26      0x99d GPS_L70_Light.o
 .debug_loc     0x000016c3      0x353 I2C.o
 .debug_loc     0x00001a16     0x2009 main.o
 .debug_loc     0x00003a1f      0x5a8 UART.o

.debug_macinfo
 *(.debug_macinfo)

.debug_weaknames
 *(.debug_weaknames)

.debug_funcnames
 *(.debug_funcnames)

.debug_typenames
 *(.debug_typenames)

.debug_varnames
 *(.debug_varnames)

.debug_pubtypes
 *(.debug_pubtypes)

.debug_ranges   0x00000000      0x3c8
 *(.debug_ranges)
 .debug_ranges  0x00000000       0x20 HelperFunctions.o
 .debug_ranges  0x00000020       0xd0 TickTag.o
 .debug_ranges  0x000000f0       0x50 EEPROM_CAT24M01.o
 .debug_ranges  0x00000140       0x60 GPS_L70_Light.o
 .debug_ranges  0x000001a0       0x60 I2C.o
 .debug_ranges  0x00000200      0x150 main.o
 .debug_ranges  0x00000350       0x78 UART.o

.debug_macro
 *(.debug_macro)
OUTPUT(TickTagSoftwareBurst.elf elf32-avr)
LOAD linker stubs
